#
# A fatal error has been detected by the Java Runtime Environment:
#
#  EXCEPTION_ACCESS_VIOLATION (0xc0000005) at pc=0x000001e046a15148, pid=14392, tid=52676
#
# JRE version: OpenJDK Runtime Environment (23.0.1+11) (build 23.0.1+11-39)
# Java VM: OpenJDK 64-Bit Server VM (23.0.1+11-39, mixed mode, sharing, tiered, compressed oops, compressed class ptrs, g1 gc, windows-amd64)
# Problematic frame:
# j  java.lang.invoke.DirectMethodHandle$Holder.newInvokeSpecial(Ljava/lang/Object;)Ljava/lang/Object;+15 java.base@23.0.1
#
# No core dump will be written. Minidumps are not enabled by default on client versions of Windows
#
# If you would like to submit a bug report, please visit:
#   https://bugreport.java.com/bugreport/crash.jsp
#

---------------  S U M M A R Y ------------

Command Line: -agentlib:jdwp=transport=dt_socket,address=127.0.0.1:62348,suspend=y,server=n -javaagent:C:\Users\gpslg\AppData\Local\JetBrains\IdeaIC2025.2\captureAgent\debugger-agent.jar=file:///C:/Users/gpslg/AppData/Local/Temp/capture9402576582411566859.props -ea -Didea.test.cyclic.buffer.size=1048576 -Dkotlinx.coroutines.debug.enable.creation.stack.trace=false -Ddebugger.agent.enable.coroutines=true -Dkotlinx.coroutines.debug.enable.flows.stack.trace=true -Dkotlinx.coroutines.debug.enable.mutable.state.flows.stack.trace=true -Dfile.encoding=UTF-8 -Dsun.stdout.encoding=UTF-8 -Dsun.stderr.encoding=UTF-8 com.intellij.rt.junit.JUnitStarter -ideVersion5 -junit5 unicap.juryscan.services.StripeServiceIntegrationTest

Host: 13th Gen Intel(R) Core(TM) i5-13420H, 12 cores, 15G,  Windows 11 , 64 bit Build 26100 (10.0.26100.8328)
Time: Wed May 20 01:10:23 2026 Hora Padrão de Buenos Aires elapsed time: 11.181115 seconds (0d 0h 0m 11s)

---------------  T H R E A D  ---------------

Current thread (0x000001e03555d3e0):  JavaThread "main"             [_thread_in_Java, id=52676, stack(0x0000009834500000,0x0000009834600000) (1024K)]

Stack: [0x0000009834500000,0x0000009834600000],  sp=0x00000098345fc860,  free space=1010k
Native frames: (J=compiled Java code, j=interpreted, Vv=VM code, C=native code)
C  0x000001e046a15148  (no source info available)

The last pc belongs to invokestatic (printed below).

siginfo: EXCEPTION_ACCESS_VIOLATION (0xc0000005), reading address 0xffffffffffffffff


Registers:
RAX=0x000001e099ba9440, RBX=0x000001e0990262d8, RCX=0x000001e0570111d0, RDX=0x0000000000000002
RSP=0x00000098345fc860, RBP=0x00000098345fc8b8, RSI=0x000001e09d50f498, RDI=0x000001e09e234680
R8 =0x0000000000000002, R9 =0x0000000000000002, R10=0x00007fff993c3560, R11=0x000001e0571e4c00
R12=0x0000000000000000, R13=0xfffffffffffffff7, R14=0x00000098345fc8d8, R15=0x000001e03555d3e0
RIP=0x000001e046a15148, EFLAGS=0x0000000000010282


Register to memory mapping:

RAX=0x000001e099ba9440 is pointing into metadata
RBX={method} {0x000001e0990262e0} 'linkToSpecial' '(Ljava/lang/Object;Ljava/lang/invoke/MemberName;)V' in 'java/lang/invoke/MethodHandle'
RCX=0x000001e0570111d0 is pointing into metadata
RDX=0x0000000000000002 is an unknown value
RSP=0x00000098345fc860 is pointing into the stack for thread: 0x000001e03555d3e0
RBP=0x00000098345fc8b8 is pointing into the stack for thread: 0x000001e03555d3e0
RSI=0x000001e09d50f498 points into unknown readable memory: 0x80001300822faade | de aa 2f 82 00 13 00 80
RDI=0x000001e09e234680 points into unknown readable memory: 0x0057005c003a0043 | 43 00 3a 00 5c 00 57 00
R8 =0x0000000000000002 is an unknown value
R9 =0x0000000000000002 is an unknown value
R10=0x00007fff993c3560 jvm.dll
R11={method} {0x000001e0571e4c08} 'newInvokeSpecial' '(Ljava/lang/Object;)Ljava/lang/Object;' in 'java/lang/invoke/DirectMethodHandle$Holder'
R12=0x0 is null
R13=0xfffffffffffffff7 is an unknown value
R14=0x00000098345fc8d8 is pointing into the stack for thread: 0x000001e03555d3e0
R15=0x000001e03555d3e0 is a thread

Top of Stack: (sp=0x00000098345fc860)
0x00000098345fc860:   000001e0469f9054 0000000713ac6f78
0x00000098345fc870:   fffffffffffffff7 000001e0577f0d67
0x00000098345fc880:   0000000000000004 000001e0571e0ef0
0x00000098345fc890:   000001e099ba9438 000000070514e490
0x00000098345fc8a0:   000001e0571e4c00 0000000000000000
0x00000098345fc8b0:   00000098345fc8e0 00000098345fc9c0
0x00000098345fc8c0:   000001e03f768046 0000000713ac6ed0
0x00000098345fc8d0:   0000000713ac6f78 0000000713ac6f30
0x00000098345fc8e0:   00000098345fc8f8 00000098345fc950
0x00000098345fc8f0:   000001e0469f9581 0000000713ac6f60
0x00000098345fc900:   0000000000000000 fffffffffffffff7
0x00000098345fc910:   000001e057ca8090 0000000000000004
0x00000098345fc920:   0000000713ac6f30 000000070513d3e0
0x00000098345fc930:   00000007052a1198 000001e0574742b8
0x00000098345fc940:   000001e03f767e34 00000098345fc968
0x00000098345fc950:   00000098345fc9c0 000001e0469f9581
0x00000098345fc960:   000001e0469f9581 000000070513d3e0
0x00000098345fc970:   0000000713ac6f30 fffffffffffffff7
0x00000098345fc980:   000001e0578b7460 0000000000000003
0x00000098345fc990:   000001e05725ab28 0000000000000000
0x00000098345fc9a0:   0000000705113450 000001e05725abf0
0x00000098345fc9b0:   fffffffffffffff5 00000098345fc9d0
0x00000098345fc9c0:   00000098345fca28 000001e0469f9581
0x00000098345fc9d0:   0000000713aae580 0000000713ac6f60
0x00000098345fc9e0:   fffffffffffffff7 000001e0578b6e5c
0x00000098345fc9f0:   0000000000000005 000001e05725ab28
0x00000098345fca00:   0000000000000000 0000000705113450
0x00000098345fca10:   000001e05725aad0 fffffffffffffff5
0x00000098345fca20:   00000098345fca48 00000098345fcaa0
0x00000098345fca30:   000001e0469fa31b 0000000000000000
0x00000098345fca40:   0000000000000000 0000000713aae580
0x00000098345fca50:   0000000713ac6f60 fffffffffffffff7 

Instructions: (pc=0x000001e046a15148)
0x000001e046a15048:   ff d0 48 83 c4 20 ff e0 49 83 7f 08 00 0f 84 05
0x000001e046a15058:   00 00 00 e9 60 be fd ff 4c 8b 6d c0 4c 8b 75 c8
0x000001e046a15068:   4e 8d 74 f5 00 c3 48 8b 4d d0 41 0f b7 55 01 48
0x000001e046a15078:   8b 49 30 6b d2 18 48 8d 4c 11 08 48 8b 19 48 8b
0x000001e046a15088:   5b 08 48 8b 5b 08 48 8b 5b 18 80 bb 31 01 00 00
0x000001e046a15098:   04 0f 84 0d 00 00 00 4c 3b bb 38 01 00 00 0f 85
0x000001e046a150a8:   63 fe ff ff 0f b6 51 15 48 8b 19 4c 89 6d c0 44
0x000001e046a150b8:   8b ea 0f b6 51 14 49 ba 60 35 3c 99 ff 7f 00 00
0x000001e046a150c8:   49 8b 14 d2 52 41 8b d5 4c 8b 6d c0 48 8b 45 d8
0x000001e046a150d8:   48 85 c0 0f 84 12 00 00 00 48 83 40 08 01 48 83
0x000001e046a150e8:   58 08 00 48 83 c0 10 48 89 45 d8 48 8b 45 d8 48
0x000001e046a150f8:   85 c0 0f 84 3d 01 00 00 80 78 f0 0a 0f 85 33 01
0x000001e046a15108:   00 00 48 83 c0 08 4c 8b 68 f8 41 83 ed 00 41 83
0x000001e046a15118:   fd 02 0f 8c 12 01 00 00 4c 8b 6b 08 45 0f b7 6d
0x000001e046a15128:   2e 4c 2b 28 41 83 ed 01 4e 8b 6c ec 08 4d 85 ed
0x000001e046a15138:   75 0e f6 40 08 01 75 58 f0 48 83 48 08 01 eb 50
0x000001e046a15148:   45 8b 6d 08 49 ba 00 00 00 57 e0 01 00 00 4d 03
0x000001e046a15158:   ea 4d 8b d5 4c 33 68 08 49 f7 c5 fc ff ff ff 74
0x000001e046a15168:   2f 41 f6 c5 02 75 29 48 83 78 08 00 74 1e 48 83
0x000001e046a15178:   78 08 01 74 17 4d 8b ea 4c 33 68 08 49 f7 c5 fc
0x000001e046a15188:   ff ff ff 74 0b 48 83 48 08 02 eb 04 4c 89 68 08
0x000001e046a15198:   48 83 c0 10 4c 8b 68 e8 41 83 ed 02 41 83 fd 02
0x000001e046a151a8:   0f 8c 84 00 00 00 4c 8b 6b 08 45 0f b7 6d 2e 4c
0x000001e046a151b8:   2b 28 41 83 ed 01 4e 8b 6c ec 08 4d 85 ed 75 0e
0x000001e046a151c8:   f6 40 08 01 75 58 f0 48 83 48 08 01 eb 50 45 8b
0x000001e046a151d8:   6d 08 49 ba 00 00 00 57 e0 01 00 00 4d 03 ea 4d
0x000001e046a151e8:   8b d5 4c 33 68 08 49 f7 c5 fc ff ff ff 74 2f 41
0x000001e046a151f8:   f6 c5 02 75 29 48 83 78 08 00 74 1e 48 83 78 08
0x000001e046a15208:   01 74 17 4d 8b ea 4c 33 68 08 49 f7 c5 fc ff ff
0x000001e046a15218:   ff 74 0b 48 83 48 08 02 eb 04 4c 89 68 08 48 83
0x000001e046a15228:   c0 10 4c 8b 68 d8 41 83 ed 04 41 c1 e5 03 49 03
0x000001e046a15238:   c5 48 89 45 d8 4c 8d 6c 24 08 49 8b cd 48 2b cd 


Stack slot to memory mapping:

stack at sp + 0 slots: 0x000001e0469f9054 is at code_begin+3476 in an Interpreter codelet
return entry points  [0x000001e0469f82c0, 0x000001e0469fa4c0]  8704 bytes
stack at sp + 1 slots: 0x0000000713ac6f78 is an oop: unicap.juryscan.services.StripeServiceIntegrationTest 
{0x0000000713ac6f78} - klass: 'unicap/juryscan/services/StripeServiceIntegrationTest'
 - ---- fields (total size 2 words):
 - private 'stripeService' 'Lunicap/juryscan/service/payment/StripeService;' @12  null (0x00000000)
stack at sp + 2 slots: 0xfffffffffffffff7 is an unknown value
stack at sp + 3 slots: 0x000001e0577f0d67 is pointing into metadata
stack at sp + 4 slots: 0x0000000000000004 is an unknown value
stack at sp + 5 slots: 0x000001e0571e0ef0 is pointing into metadata
stack at sp + 6 slots: 0x000001e099ba9438 is pointing into metadata
stack at sp + 7 slots: 0x000000070514e490 is an oop: java.lang.Class 
{0x000000070514e490} - klass: 'java/lang/Class'
 - ---- fields (total size 14 words):
 - private volatile transient 'classRedefinedCount' 'I' @12  0 (0x00000000)
 - injected 'klass' 'J' @16  2063045889256 (0x000001e0571e0ce8)
 - injected 'array_klass' 'J' @24  0 (0x0000000000000000)
 - injected 'oop_size' 'I' @32  14 (0x0000000e)
 - injected 'static_oop_field_count' 'I' @36  0 (0x00000000)
 - private volatile transient 'cachedConstructor' 'Ljava/lang/reflect/Constructor;' @40  null (0x00000000)
 - private transient 'name' 'Ljava/lang/String;' @44  "java.lang.invoke.DirectMethodHandle$Holder"{0x000000070514e500} (0xe0a29ca0)
 - private transient 'module' 'Ljava/lang/Module;' @48  a 'java/lang/Module'{0x000000070513d860} (0xe0a27b0c)
 - private final 'classLoader' 'Ljava/lang/ClassLoader;' @52  null (0x00000000)
 - private transient 'classData' 'Ljava/lang/Object;' @56  null (0x00000000)
 - private transient 'packageName' 'Ljava/lang/String;' @60  null (0x00000000)
 - private final 'componentType' 'Ljava/lang/Class;' @64  null (0x00000000)
 - private volatile transient 'reflectionData' 'Ljava/lang/ref/SoftReference;' @68  null (0x00000000)
 - private volatile transient 'genericInfo' 'Lsun/reflect/generics/repository/ClassRepository;' @72  null (0x00000000)
 - private volatile transient 'enumConstants' '[Ljava/lang/Object;' @76  null (0x00000000)
 - private volatile transient 'enumConstantDirectory' 'Ljava/util/Map;' @80  null (0x00000000)
 - private volatile transient 'annotationData' 'Ljava/lang/Class$AnnotationData;' @84  null (0x00000000)
 - private volatile transient 'annotationType' 'Lsun/reflect/annotation/AnnotationType;' @88  null (0x00000000)
 - transient 'classValueMap' 'Ljava/lang/ClassValue$ClassValueMap;' @92  null (0x00000000)
 - injected 'protection_domain' 'Ljava/lang/Object;' @96  null (0x00000000)
 - injected 'signers_name' 'Ljava/lang/Object;' @100  null (0x00000000)
 - injected 'source_file' 'Ljava/lang/Object;' @104  null (0x00000000)
 - signature: Ljava/lang/invoke/DirectMethodHandle$Holder;
 - ---- static fields (0):

Lock stack of current Java thread (top to bottom):

invokestatic  184 invokestatic  [0x000001e046a14ec0, 0x000001e046a15260]  928 bytes
[MachCode]
  0x000001e046a14ec0: 4883 ec08 | c5fa 1104 | 24eb 1f48 | 83ec 10c5 | fb11 0424 | eb14 4883 | ec10 4889 | 0424 48c7 
  0x000001e046a14ee0: 4424 0800 | 0000 00eb | 0150 488b | 4dd0 410f | b755 0148 | 8b49 306b | d218 488d | 4c11 080f 
  0x000001e046a14f00: b659 1681 | fbb8 0000 | 000f 8474 | 0100 00bb | b800 0000 | e805 0000 | 00e9 5001 | 0000 488b 
  0x000001e046a14f20: d348 8d44 | 2408 4c89 | 6dc0 498b | cfc5 f877 | 4989 afb0 | 0300 0049 | 8987 a003 | 0000 4883 
  0x000001e046a14f40: ec20 40f6 | c40f 0f84 | 1900 0000 | 4883 ec08 | 48b8 6051 | b198 ff7f | 0000 ffd0 | 4883 c408 
  0x000001e046a14f60: e90c 0000 | 0048 b860 | 51b1 98ff | 7f00 00ff | d048 83c4 | 2049 c787 | a003 0000 | 0000 0000 
  0x000001e046a14f80: 49c7 87b0 | 0300 0000 | 0000 0049 | c787 a803 | 0000 0000 | 0000 c5f8 | 7741 8b8f | 2c05 0000 
  0x000001e046a14fa0: f6c1 010f | 8442 0000 | 00f6 c102 | 0f85 3900 | 0000 4883 | ec20 40f6 | c40f 0f84 | 1900 0000 
  0x000001e046a14fc0: 4883 ec08 | 48b8 10fc | b098 ff7f | 0000 ffd0 | 4883 c408 | e90c 0000 | 0048 b810 | fcb0 98ff 
  0x000001e046a14fe0: 7f00 00ff | d048 83c4 | 20ff e049 | 8b8f d805 | 0000 4885 | c90f 8455 | 0000 008b | 899c 0000 
  0x000001e046a15000: 0083 f901 | 0f85 4600 | 0000 498b | 8fd8 0500 | 008b 89a0 | 0000 0048 | 83ec 2040 | f6c4 0f0f 
  0x000001e046a15020: 8419 0000 | 0048 83ec | 0848 b800 | fcb0 98ff | 7f00 00ff | d048 83c4 | 08e9 0c00 | 0000 48b8 
  0x000001e046a15040: 00fc b098 | ff7f 0000 | ffd0 4883 | c420 ffe0 | 4983 7f08 | 000f 8405 | 0000 00e9 | 60be fdff 
  0x000001e046a15060: 4c8b 6dc0 | 4c8b 75c8 | 4e8d 74f5 | 00c3 488b | 4dd0 410f | b755 0148 | 8b49 306b | d218 488d 
  0x000001e046a15080: 4c11 0848 | 8b19 488b | 5b08 488b | 5b08 488b | 5b18 80bb | 3101 0000 | 040f 840d | 0000 004c 
  0x000001e046a150a0: 3bbb 3801 | 0000 0f85 | 63fe ffff | 0fb6 5115 | 488b 194c | 896d c044 | 8bea 0fb6 | 5114 49ba 
  0x000001e046a150c0: 6035 3c99 | ff7f 0000 | 498b 14d2 | 5241 8bd5 | 4c8b 6dc0 | 488b 45d8 | 4885 c00f | 8412 0000 
  0x000001e046a150e0: 0048 8340 | 0801 4883 | 5808 0048 | 83c0 1048 | 8945 d848 | 8b45 d848 | 85c0 0f84 | 3d01 0000 
  0x000001e046a15100: 8078 f00a | 0f85 3301 | 0000 4883 | c008 4c8b | 68f8 4183 | ed00 4183 | fd02 0f8c | 1201 0000 
  0x000001e046a15120: 4c8b 6b08 | 450f b76d | 2e4c 2b28 | 4183 ed01 | 4e8b 6cec | 084d 85ed | 750e f640 | 0801 7558 
  0x000001e046a15140: f048 8348 | 0801 eb50 | 458b 6d08 | 49ba 0000 | 0057 e001 | 0000 4d03 | ea4d 8bd5 | 4c33 6808 
  0x000001e046a15160: 49f7 c5fc | ffff ff74 | 2f41 f6c5 | 0275 2948 | 8378 0800 | 741e 4883 | 7808 0174 | 174d 8bea 
  0x000001e046a15180: 4c33 6808 | 49f7 c5fc | ffff ff74 | 0b48 8348 | 0802 eb04 | 4c89 6808 | 4883 c010 | 4c8b 68e8 
  0x000001e046a151a0: 4183 ed02 | 4183 fd02 | 0f8c 8400 | 0000 4c8b | 6b08 450f | b76d 2e4c | 2b28 4183 | ed01 4e8b 
  0x000001e046a151c0: 6cec 084d | 85ed 750e | f640 0801 | 7558 f048 | 8348 0801 | eb50 458b | 6d08 49ba | 0000 0057 
  0x000001e046a151e0: e001 0000 | 4d03 ea4d | 8bd5 4c33 | 6808 49f7 | c5fc ffff | ff74 2f41 | f6c5 0275 | 2948 8378 
  0x000001e046a15200: 0800 741e | 4883 7808 | 0174 174d | 8bea 4c33 | 6808 49f7 | c5fc ffff | ff74 0b48 | 8348 0802 
  0x000001e046a15220: eb04 4c89 | 6808 4883 | c010 4c8b | 68d8 4183 | ed04 41c1 | e503 4903 | c548 8945 | d84c 8d6c 
  0x000001e046a15240: 2408 498b | cd48 2bcd | 48c1 f903 | 4889 4df0 | 4180 bfe0 | 0500 0000 | 7403 ff63 | 38ff 6350 
[/MachCode]

---------------  P R O C E S S  ---------------

Threads class SMR info:
_java_thread_list=0x000001e09832dd50, length=14, elements={
0x000001e03555d3e0, 0x000001e09802dca0, 0x000001e09802e700, 0x000001e098031780,
0x000001e098032310, 0x000001e0980332b0, 0x000001e098035f80, 0x000001e0980380d0,
0x000001e098038b80, 0x000001e09815ab90, 0x000001e098251410, 0x000001e0982520d0,
0x000001e09836cb20, 0x000001e098408aa0
}

Java Threads: ( => current thread )
=>0x000001e03555d3e0 JavaThread "main"                              [_thread_in_Java, id=52676, stack(0x0000009834500000,0x0000009834600000) (1024K)]
  0x000001e09802dca0 JavaThread "Reference Handler"          daemon [_thread_blocked, id=40528, stack(0x0000009834d00000,0x0000009834e00000) (1024K)]
  0x000001e09802e700 JavaThread "Finalizer"                  daemon [_thread_blocked, id=9684, stack(0x0000009834e00000,0x0000009834f00000) (1024K)]
  0x000001e098031780 JavaThread "Signal Dispatcher"          daemon [_thread_blocked, id=48200, stack(0x0000009834f00000,0x0000009835000000) (1024K)]
  0x000001e098032310 JavaThread "Attach Listener"            daemon [_thread_blocked, id=48760, stack(0x0000009835000000,0x0000009835100000) (1024K)]
  0x000001e0980332b0 JavaThread "Service Thread"             daemon [_thread_blocked, id=32300, stack(0x0000009835100000,0x0000009835200000) (1024K)]
  0x000001e098035f80 JavaThread "Monitor Deflation Thread"   daemon [_thread_blocked, id=31912, stack(0x0000009835200000,0x0000009835300000) (1024K)]
  0x000001e0980380d0 JavaThread "C2 CompilerThread0"         daemon [_thread_blocked, id=45092, stack(0x0000009835300000,0x0000009835400000) (1024K)]
  0x000001e098038b80 JavaThread "C1 CompilerThread0"         daemon [_thread_blocked, id=44648, stack(0x0000009835400000,0x0000009835500000) (1024K)]
  0x000001e09815ab90 JavaThread "Common-Cleaner"             daemon [_thread_blocked, id=45824, stack(0x0000009835500000,0x0000009835600000) (1024K)]
  0x000001e098251410 JavaThread "JDWP Transport Listener: dt_socket" daemon [_thread_blocked, id=50444, stack(0x0000009835700000,0x0000009835800000) (1024K)]
  0x000001e0982520d0 JavaThread "JDWP Event Helper Thread"   daemon [_thread_blocked, id=40052, stack(0x0000009835800000,0x0000009835900000) (1024K)]
  0x000001e09836cb20 JavaThread "IntelliJ Suspend Helper"    daemon [_thread_blocked, id=36196, stack(0x0000009835a00000,0x0000009835b00000) (1024K)]
  0x000001e098408aa0 JavaThread "Notification Thread"        daemon [_thread_blocked, id=35756, stack(0x0000009835b00000,0x0000009835c00000) (1024K)]
Total: 14

Other Threads:
  0x000001e09800dfa0 VMThread "VM Thread"                           [id=54012, stack(0x0000009834c00000,0x0000009834d00000) (1024K)] _threads_hazard_ptr=0x000001e09832dd50
  0x000001e05427aad0 WatcherThread "VM Periodic Task Thread"        [id=47732, stack(0x0000009834b00000,0x0000009834c00000) (1024K)]
  0x000001e0355c4720 WorkerThread "GC Thread#0"                     [id=22160, stack(0x0000009834600000,0x0000009834700000) (1024K)]
  0x000001e09d502490 WorkerThread "GC Thread#1"                     [id=53388, stack(0x0000009835c00000,0x0000009835d00000) (1024K)]
  0x000001e09d4ff9d0 WorkerThread "GC Thread#2"                     [id=44832, stack(0x0000009835d00000,0x0000009835e00000) (1024K)]
  0x000001e09d39e980 WorkerThread "GC Thread#3"                     [id=30496, stack(0x0000009835e00000,0x0000009835f00000) (1024K)]
  0x000001e09d3a6b40 WorkerThread "GC Thread#4"                     [id=13748, stack(0x0000009835f00000,0x0000009836000000) (1024K)]
  0x000001e09d39ed30 WorkerThread "GC Thread#5"                     [id=48508, stack(0x0000009836000000,0x0000009836100000) (1024K)]
  0x000001e09d70b700 WorkerThread "GC Thread#6"                     [id=7376, stack(0x0000009836100000,0x0000009836200000) (1024K)]
  0x000001e09d70bab0 WorkerThread "GC Thread#7"                     [id=33076, stack(0x0000009836200000,0x0000009836300000) (1024K)]
  0x000001e09d70be60 WorkerThread "GC Thread#8"                     [id=47992, stack(0x0000009836300000,0x0000009836400000) (1024K)]
  0x000001e09d70c620 WorkerThread "GC Thread#9"                     [id=15284, stack(0x0000009836400000,0x0000009836500000) (1024K)]
  0x000001e0540c2b80 ConcurrentGCThread "G1 Main Marker"            [id=44532, stack(0x0000009834700000,0x0000009834800000) (1024K)]
  0x000001e0540c3340 WorkerThread "G1 Conc#0"                       [id=42312, stack(0x0000009834800000,0x0000009834900000) (1024K)]
  0x000001e05414c500 ConcurrentGCThread "G1 Refine#0"               [id=51252, stack(0x0000009834900000,0x0000009834a00000) (1024K)]
  0x000001e05414ce30 ConcurrentGCThread "G1 Service"                [id=20440, stack(0x0000009834a00000,0x0000009834b00000) (1024K)]
Total: 16

Threads with active compile tasks:
Total: 0

VM state: synchronizing (normal execution)

VM Mutex/Monitor currently owned by a thread:  ([mutex/lock_event])
[0x00007fff993b3910] Threads_lock - owner thread: 0x000001e09800dfa0

Heap address: 0x0000000704a00000, size: 4022 MB, Compressed Oops mode: Zero based, Oop shift amount: 3

CDS archive(s) mapped at: [0x000001e057000000-0x000001e057d70000-0x000001e057d70000), size 14090240, SharedBaseAddress: 0x000001e057000000, ArchiveRelocationMode: 1.
Compressed class space mapped at: 0x000001e058000000-0x000001e098000000, reserved size: 1073741824
Narrow klass base: 0x000001e057000000, Narrow klass shift: 0, Narrow klass range: 0x41000000

GC Precious Log:
 CardTable entry size: 512
 Card Set container configuration: InlinePtr #cards 4 size 8 Array Of Cards #cards 16 size 48 Howl #buckets 8 coarsen threshold 3686 Howl Bitmap #cards 512 size 80 coarsen threshold 460 Card regions per heap region 1 cards per card region 4096
 CPUs: 12 total, 12 available
 Memory: 16087M
 Large Page Support: Disabled
 NUMA Support: Disabled
 Compressed Oops: Enabled (Zero based)
 Heap Region Size: 2M
 Heap Min Capacity: 8M
 Heap Initial Capacity: 252M
 Heap Max Capacity: 4022M
 Pre-touch: Disabled
 Parallel Workers: 10
 Concurrent Workers: 3
 Concurrent Refinement Workers: 10
 Periodic GC: Disabled

Heap:
 garbage-first heap   total reserved 4118528K, committed 258048K, used 21460K [0x0000000704a00000, 0x0000000800000000)
  region size 2048K, 7 young (14336K), 1 survivors (2048K)
 Metaspace       used 14240K, committed 14528K, reserved 1114112K
  class space    used 1691K, committed 1792K, reserved 1048576K

Heap Regions: E=young(eden), S=young(survivor), O=old, HS=humongous(starts), HC=humongous(continues), CS=collection set, F=free, TAMS=top-at-mark-start, PB=parsable bottom
|   0|0x0000000704a00000, 0x0000000704c00000, 0x0000000704c00000|100%|HS|  |TAMS 0x0000000704a00000| PB 0x0000000704a00000| Complete |  0
|   1|0x0000000704c00000, 0x0000000704e00000, 0x0000000704e00000|100%| O|  |TAMS 0x0000000704c00000| PB 0x0000000704c00000| Untracked |  0
|   2|0x0000000704e00000, 0x0000000705000000, 0x0000000705000000|100%| O|  |TAMS 0x0000000704e00000| PB 0x0000000704e00000| Untracked |  0
|   3|0x0000000705000000, 0x0000000705200000, 0x0000000705200000|100%| O|  |TAMS 0x0000000705000000| PB 0x0000000705000000| Untracked |  0
|   4|0x0000000705200000, 0x0000000705400000, 0x0000000705400000|100%| O|  |TAMS 0x0000000705200000| PB 0x0000000705200000| Untracked |  0
|   5|0x0000000705400000, 0x00000007055598c0, 0x0000000705600000| 67%| O|  |TAMS 0x0000000705400000| PB 0x0000000705400000| Untracked |  0
|   6|0x0000000705600000, 0x0000000705600000, 0x0000000705800000|  0%| F|  |TAMS 0x0000000705600000| PB 0x0000000705600000| Untracked |  0
|   7|0x0000000705800000, 0x0000000705800000, 0x0000000705a00000|  0%| F|  |TAMS 0x0000000705800000| PB 0x0000000705800000| Untracked |  0
|   8|0x0000000705a00000, 0x0000000705a00000, 0x0000000705c00000|  0%| F|  |TAMS 0x0000000705a00000| PB 0x0000000705a00000| Untracked |  0
|   9|0x0000000705c00000, 0x0000000705c00000, 0x0000000705e00000|  0%| F|  |TAMS 0x0000000705c00000| PB 0x0000000705c00000| Untracked |  0
|  10|0x0000000705e00000, 0x0000000705e00000, 0x0000000706000000|  0%| F|  |TAMS 0x0000000705e00000| PB 0x0000000705e00000| Untracked |  0
|  11|0x0000000706000000, 0x0000000706000000, 0x0000000706200000|  0%| F|  |TAMS 0x0000000706000000| PB 0x0000000706000000| Untracked |  0
|  12|0x0000000706200000, 0x0000000706200000, 0x0000000706400000|  0%| F|  |TAMS 0x0000000706200000| PB 0x0000000706200000| Untracked |  0
|  13|0x0000000706400000, 0x0000000706400000, 0x0000000706600000|  0%| F|  |TAMS 0x0000000706400000| PB 0x0000000706400000| Untracked |  0
|  14|0x0000000706600000, 0x0000000706600000, 0x0000000706800000|  0%| F|  |TAMS 0x0000000706600000| PB 0x0000000706600000| Untracked |  0
|  15|0x0000000706800000, 0x0000000706800000, 0x0000000706a00000|  0%| F|  |TAMS 0x0000000706800000| PB 0x0000000706800000| Untracked |  0
|  16|0x0000000706a00000, 0x0000000706a00000, 0x0000000706c00000|  0%| F|  |TAMS 0x0000000706a00000| PB 0x0000000706a00000| Untracked |  0
|  17|0x0000000706c00000, 0x0000000706c00000, 0x0000000706e00000|  0%| F|  |TAMS 0x0000000706c00000| PB 0x0000000706c00000| Untracked |  0
|  18|0x0000000706e00000, 0x0000000706e00000, 0x0000000707000000|  0%| F|  |TAMS 0x0000000706e00000| PB 0x0000000706e00000| Untracked |  0
|  19|0x0000000707000000, 0x0000000707000000, 0x0000000707200000|  0%| F|  |TAMS 0x0000000707000000| PB 0x0000000707000000| Untracked |  0
|  20|0x0000000707200000, 0x0000000707200000, 0x0000000707400000|  0%| F|  |TAMS 0x0000000707200000| PB 0x0000000707200000| Untracked |  0
|  21|0x0000000707400000, 0x0000000707400000, 0x0000000707600000|  0%| F|  |TAMS 0x0000000707400000| PB 0x0000000707400000| Untracked |  0
|  22|0x0000000707600000, 0x0000000707600000, 0x0000000707800000|  0%| F|  |TAMS 0x0000000707600000| PB 0x0000000707600000| Untracked |  0
|  23|0x0000000707800000, 0x0000000707800000, 0x0000000707a00000|  0%| F|  |TAMS 0x0000000707800000| PB 0x0000000707800000| Untracked |  0
|  24|0x0000000707a00000, 0x0000000707a00000, 0x0000000707c00000|  0%| F|  |TAMS 0x0000000707a00000| PB 0x0000000707a00000| Untracked |  0
|  25|0x0000000707c00000, 0x0000000707c00000, 0x0000000707e00000|  0%| F|  |TAMS 0x0000000707c00000| PB 0x0000000707c00000| Untracked |  0
|  26|0x0000000707e00000, 0x0000000707e00000, 0x0000000708000000|  0%| F|  |TAMS 0x0000000707e00000| PB 0x0000000707e00000| Untracked |  0
|  27|0x0000000708000000, 0x0000000708000000, 0x0000000708200000|  0%| F|  |TAMS 0x0000000708000000| PB 0x0000000708000000| Untracked |  0
|  28|0x0000000708200000, 0x0000000708200000, 0x0000000708400000|  0%| F|  |TAMS 0x0000000708200000| PB 0x0000000708200000| Untracked |  0
|  29|0x0000000708400000, 0x0000000708400000, 0x0000000708600000|  0%| F|  |TAMS 0x0000000708400000| PB 0x0000000708400000| Untracked |  0
|  30|0x0000000708600000, 0x0000000708600000, 0x0000000708800000|  0%| F|  |TAMS 0x0000000708600000| PB 0x0000000708600000| Untracked |  0
|  31|0x0000000708800000, 0x0000000708800000, 0x0000000708a00000|  0%| F|  |TAMS 0x0000000708800000| PB 0x0000000708800000| Untracked |  0
|  32|0x0000000708a00000, 0x0000000708a00000, 0x0000000708c00000|  0%| F|  |TAMS 0x0000000708a00000| PB 0x0000000708a00000| Untracked |  0
|  33|0x0000000708c00000, 0x0000000708c00000, 0x0000000708e00000|  0%| F|  |TAMS 0x0000000708c00000| PB 0x0000000708c00000| Untracked |  0
|  34|0x0000000708e00000, 0x0000000708e00000, 0x0000000709000000|  0%| F|  |TAMS 0x0000000708e00000| PB 0x0000000708e00000| Untracked |  0
|  35|0x0000000709000000, 0x0000000709000000, 0x0000000709200000|  0%| F|  |TAMS 0x0000000709000000| PB 0x0000000709000000| Untracked |  0
|  36|0x0000000709200000, 0x0000000709200000, 0x0000000709400000|  0%| F|  |TAMS 0x0000000709200000| PB 0x0000000709200000| Untracked |  0
|  37|0x0000000709400000, 0x0000000709400000, 0x0000000709600000|  0%| F|  |TAMS 0x0000000709400000| PB 0x0000000709400000| Untracked |  0
|  38|0x0000000709600000, 0x0000000709600000, 0x0000000709800000|  0%| F|  |TAMS 0x0000000709600000| PB 0x0000000709600000| Untracked |  0
|  39|0x0000000709800000, 0x0000000709800000, 0x0000000709a00000|  0%| F|  |TAMS 0x0000000709800000| PB 0x0000000709800000| Untracked |  0
|  40|0x0000000709a00000, 0x0000000709a00000, 0x0000000709c00000|  0%| F|  |TAMS 0x0000000709a00000| PB 0x0000000709a00000| Untracked |  0
|  41|0x0000000709c00000, 0x0000000709c00000, 0x0000000709e00000|  0%| F|  |TAMS 0x0000000709c00000| PB 0x0000000709c00000| Untracked |  0
|  42|0x0000000709e00000, 0x0000000709e00000, 0x000000070a000000|  0%| F|  |TAMS 0x0000000709e00000| PB 0x0000000709e00000| Untracked |  0
|  43|0x000000070a000000, 0x000000070a000000, 0x000000070a200000|  0%| F|  |TAMS 0x000000070a000000| PB 0x000000070a000000| Untracked |  0
|  44|0x000000070a200000, 0x000000070a200000, 0x000000070a400000|  0%| F|  |TAMS 0x000000070a200000| PB 0x000000070a200000| Untracked |  0
|  45|0x000000070a400000, 0x000000070a400000, 0x000000070a600000|  0%| F|  |TAMS 0x000000070a400000| PB 0x000000070a400000| Untracked |  0
|  46|0x000000070a600000, 0x000000070a600000, 0x000000070a800000|  0%| F|  |TAMS 0x000000070a600000| PB 0x000000070a600000| Untracked |  0
|  47|0x000000070a800000, 0x000000070a800000, 0x000000070aa00000|  0%| F|  |TAMS 0x000000070a800000| PB 0x000000070a800000| Untracked |  0
|  48|0x000000070aa00000, 0x000000070aa00000, 0x000000070ac00000|  0%| F|  |TAMS 0x000000070aa00000| PB 0x000000070aa00000| Untracked |  0
|  49|0x000000070ac00000, 0x000000070ac00000, 0x000000070ae00000|  0%| F|  |TAMS 0x000000070ac00000| PB 0x000000070ac00000| Untracked |  0
|  50|0x000000070ae00000, 0x000000070ae00000, 0x000000070b000000|  0%| F|  |TAMS 0x000000070ae00000| PB 0x000000070ae00000| Untracked |  0
|  51|0x000000070b000000, 0x000000070b000000, 0x000000070b200000|  0%| F|  |TAMS 0x000000070b000000| PB 0x000000070b000000| Untracked |  0
|  52|0x000000070b200000, 0x000000070b200000, 0x000000070b400000|  0%| F|  |TAMS 0x000000070b200000| PB 0x000000070b200000| Untracked |  0
|  53|0x000000070b400000, 0x000000070b400000, 0x000000070b600000|  0%| F|  |TAMS 0x000000070b400000| PB 0x000000070b400000| Untracked |  0
|  54|0x000000070b600000, 0x000000070b600000, 0x000000070b800000|  0%| F|  |TAMS 0x000000070b600000| PB 0x000000070b600000| Untracked |  0
|  55|0x000000070b800000, 0x000000070b800000, 0x000000070ba00000|  0%| F|  |TAMS 0x000000070b800000| PB 0x000000070b800000| Untracked |  0
|  56|0x000000070ba00000, 0x000000070ba00000, 0x000000070bc00000|  0%| F|  |TAMS 0x000000070ba00000| PB 0x000000070ba00000| Untracked |  0
|  57|0x000000070bc00000, 0x000000070bc00000, 0x000000070be00000|  0%| F|  |TAMS 0x000000070bc00000| PB 0x000000070bc00000| Untracked |  0
|  58|0x000000070be00000, 0x000000070be00000, 0x000000070c000000|  0%| F|  |TAMS 0x000000070be00000| PB 0x000000070be00000| Untracked |  0
|  59|0x000000070c000000, 0x000000070c000000, 0x000000070c200000|  0%| F|  |TAMS 0x000000070c000000| PB 0x000000070c000000| Untracked |  0
|  60|0x000000070c200000, 0x000000070c200000, 0x000000070c400000|  0%| F|  |TAMS 0x000000070c200000| PB 0x000000070c200000| Untracked |  0
|  61|0x000000070c400000, 0x000000070c400000, 0x000000070c600000|  0%| F|  |TAMS 0x000000070c400000| PB 0x000000070c400000| Untracked |  0
|  62|0x000000070c600000, 0x000000070c600000, 0x000000070c800000|  0%| F|  |TAMS 0x000000070c600000| PB 0x000000070c600000| Untracked |  0
|  63|0x000000070c800000, 0x000000070c800000, 0x000000070ca00000|  0%| F|  |TAMS 0x000000070c800000| PB 0x000000070c800000| Untracked |  0
|  64|0x000000070ca00000, 0x000000070ca00000, 0x000000070cc00000|  0%| F|  |TAMS 0x000000070ca00000| PB 0x000000070ca00000| Untracked |  0
|  65|0x000000070cc00000, 0x000000070cc00000, 0x000000070ce00000|  0%| F|  |TAMS 0x000000070cc00000| PB 0x000000070cc00000| Untracked |  0
|  66|0x000000070ce00000, 0x000000070ce00000, 0x000000070d000000|  0%| F|  |TAMS 0x000000070ce00000| PB 0x000000070ce00000| Untracked |  0
|  67|0x000000070d000000, 0x000000070d000000, 0x000000070d200000|  0%| F|  |TAMS 0x000000070d000000| PB 0x000000070d000000| Untracked |  0
|  68|0x000000070d200000, 0x000000070d200000, 0x000000070d400000|  0%| F|  |TAMS 0x000000070d200000| PB 0x000000070d200000| Untracked |  0
|  69|0x000000070d400000, 0x000000070d400000, 0x000000070d600000|  0%| F|  |TAMS 0x000000070d400000| PB 0x000000070d400000| Untracked |  0
|  70|0x000000070d600000, 0x000000070d600000, 0x000000070d800000|  0%| F|  |TAMS 0x000000070d600000| PB 0x000000070d600000| Untracked |  0
|  71|0x000000070d800000, 0x000000070d800000, 0x000000070da00000|  0%| F|  |TAMS 0x000000070d800000| PB 0x000000070d800000| Untracked |  0
|  72|0x000000070da00000, 0x000000070da00000, 0x000000070dc00000|  0%| F|  |TAMS 0x000000070da00000| PB 0x000000070da00000| Untracked |  0
|  73|0x000000070dc00000, 0x000000070dc00000, 0x000000070de00000|  0%| F|  |TAMS 0x000000070dc00000| PB 0x000000070dc00000| Untracked |  0
|  74|0x000000070de00000, 0x000000070de00000, 0x000000070e000000|  0%| F|  |TAMS 0x000000070de00000| PB 0x000000070de00000| Untracked |  0
|  75|0x000000070e000000, 0x000000070e000000, 0x000000070e200000|  0%| F|  |TAMS 0x000000070e000000| PB 0x000000070e000000| Untracked |  0
|  76|0x000000070e200000, 0x000000070e200000, 0x000000070e400000|  0%| F|  |TAMS 0x000000070e200000| PB 0x000000070e200000| Untracked |  0
|  77|0x000000070e400000, 0x000000070e400000, 0x000000070e600000|  0%| F|  |TAMS 0x000000070e400000| PB 0x000000070e400000| Untracked |  0
|  78|0x000000070e600000, 0x000000070e600000, 0x000000070e800000|  0%| F|  |TAMS 0x000000070e600000| PB 0x000000070e600000| Untracked |  0
|  79|0x000000070e800000, 0x000000070e800000, 0x000000070ea00000|  0%| F|  |TAMS 0x000000070e800000| PB 0x000000070e800000| Untracked |  0
|  80|0x000000070ea00000, 0x000000070ea00000, 0x000000070ec00000|  0%| F|  |TAMS 0x000000070ea00000| PB 0x000000070ea00000| Untracked |  0
|  81|0x000000070ec00000, 0x000000070ec00000, 0x000000070ee00000|  0%| F|  |TAMS 0x000000070ec00000| PB 0x000000070ec00000| Untracked |  0
|  82|0x000000070ee00000, 0x000000070ee00000, 0x000000070f000000|  0%| F|  |TAMS 0x000000070ee00000| PB 0x000000070ee00000| Untracked |  0
|  83|0x000000070f000000, 0x000000070f000000, 0x000000070f200000|  0%| F|  |TAMS 0x000000070f000000| PB 0x000000070f000000| Untracked |  0
|  84|0x000000070f200000, 0x000000070f200000, 0x000000070f400000|  0%| F|  |TAMS 0x000000070f200000| PB 0x000000070f200000| Untracked |  0
|  85|0x000000070f400000, 0x000000070f400000, 0x000000070f600000|  0%| F|  |TAMS 0x000000070f400000| PB 0x000000070f400000| Untracked |  0
|  86|0x000000070f600000, 0x000000070f600000, 0x000000070f800000|  0%| F|  |TAMS 0x000000070f600000| PB 0x000000070f600000| Untracked |  0
|  87|0x000000070f800000, 0x000000070f800000, 0x000000070fa00000|  0%| F|  |TAMS 0x000000070f800000| PB 0x000000070f800000| Untracked |  0
|  88|0x000000070fa00000, 0x000000070fa00000, 0x000000070fc00000|  0%| F|  |TAMS 0x000000070fa00000| PB 0x000000070fa00000| Untracked |  0
|  89|0x000000070fc00000, 0x000000070fc00000, 0x000000070fe00000|  0%| F|  |TAMS 0x000000070fc00000| PB 0x000000070fc00000| Untracked |  0
|  90|0x000000070fe00000, 0x000000070fe00000, 0x0000000710000000|  0%| F|  |TAMS 0x000000070fe00000| PB 0x000000070fe00000| Untracked |  0
|  91|0x0000000710000000, 0x0000000710000000, 0x0000000710200000|  0%| F|  |TAMS 0x0000000710000000| PB 0x0000000710000000| Untracked |  0
|  92|0x0000000710200000, 0x0000000710200000, 0x0000000710400000|  0%| F|  |TAMS 0x0000000710200000| PB 0x0000000710200000| Untracked |  0
|  93|0x0000000710400000, 0x0000000710400000, 0x0000000710600000|  0%| F|  |TAMS 0x0000000710400000| PB 0x0000000710400000| Untracked |  0
|  94|0x0000000710600000, 0x0000000710600000, 0x0000000710800000|  0%| F|  |TAMS 0x0000000710600000| PB 0x0000000710600000| Untracked |  0
|  95|0x0000000710800000, 0x0000000710800000, 0x0000000710a00000|  0%| F|  |TAMS 0x0000000710800000| PB 0x0000000710800000| Untracked |  0
|  96|0x0000000710a00000, 0x0000000710a00000, 0x0000000710c00000|  0%| F|  |TAMS 0x0000000710a00000| PB 0x0000000710a00000| Untracked |  0
|  97|0x0000000710c00000, 0x0000000710c00000, 0x0000000710e00000|  0%| F|  |TAMS 0x0000000710c00000| PB 0x0000000710c00000| Untracked |  0
|  98|0x0000000710e00000, 0x0000000710e00000, 0x0000000711000000|  0%| F|  |TAMS 0x0000000710e00000| PB 0x0000000710e00000| Untracked |  0
|  99|0x0000000711000000, 0x0000000711000000, 0x0000000711200000|  0%| F|  |TAMS 0x0000000711000000| PB 0x0000000711000000| Untracked |  0
| 100|0x0000000711200000, 0x0000000711200000, 0x0000000711400000|  0%| F|  |TAMS 0x0000000711200000| PB 0x0000000711200000| Untracked |  0
| 101|0x0000000711400000, 0x0000000711400000, 0x0000000711600000|  0%| F|  |TAMS 0x0000000711400000| PB 0x0000000711400000| Untracked |  0
| 102|0x0000000711600000, 0x0000000711600000, 0x0000000711800000|  0%| F|  |TAMS 0x0000000711600000| PB 0x0000000711600000| Untracked |  0
| 103|0x0000000711800000, 0x0000000711800000, 0x0000000711a00000|  0%| F|  |TAMS 0x0000000711800000| PB 0x0000000711800000| Untracked |  0
| 104|0x0000000711a00000, 0x0000000711a00000, 0x0000000711c00000|  0%| F|  |TAMS 0x0000000711a00000| PB 0x0000000711a00000| Untracked |  0
| 105|0x0000000711c00000, 0x0000000711c00000, 0x0000000711e00000|  0%| F|  |TAMS 0x0000000711c00000| PB 0x0000000711c00000| Untracked |  0
| 106|0x0000000711e00000, 0x0000000711e00000, 0x0000000712000000|  0%| F|  |TAMS 0x0000000711e00000| PB 0x0000000711e00000| Untracked |  0
| 107|0x0000000712000000, 0x0000000712000000, 0x0000000712200000|  0%| F|  |TAMS 0x0000000712000000| PB 0x0000000712000000| Untracked |  0
| 108|0x0000000712200000, 0x0000000712200000, 0x0000000712400000|  0%| F|  |TAMS 0x0000000712200000| PB 0x0000000712200000| Untracked |  0
| 109|0x0000000712400000, 0x0000000712400000, 0x0000000712600000|  0%| F|  |TAMS 0x0000000712400000| PB 0x0000000712400000| Untracked |  0
| 110|0x0000000712600000, 0x0000000712600000, 0x0000000712800000|  0%| F|  |TAMS 0x0000000712600000| PB 0x0000000712600000| Untracked |  0
| 111|0x0000000712800000, 0x0000000712800000, 0x0000000712a00000|  0%| F|  |TAMS 0x0000000712800000| PB 0x0000000712800000| Untracked |  0
| 112|0x0000000712a00000, 0x0000000712a00000, 0x0000000712c00000|  0%| F|  |TAMS 0x0000000712a00000| PB 0x0000000712a00000| Untracked |  0
| 113|0x0000000712c00000, 0x0000000712c00000, 0x0000000712e00000|  0%| F|  |TAMS 0x0000000712c00000| PB 0x0000000712c00000| Untracked |  0
| 114|0x0000000712e00000, 0x0000000712e00000, 0x0000000713000000|  0%| F|  |TAMS 0x0000000712e00000| PB 0x0000000712e00000| Untracked |  0
| 115|0x0000000713000000, 0x0000000713000000, 0x0000000713200000|  0%| F|  |TAMS 0x0000000713000000| PB 0x0000000713000000| Untracked |  0
| 116|0x0000000713200000, 0x000000071339b860, 0x0000000713400000| 80%| S|CS|TAMS 0x0000000713200000| PB 0x0000000713200000| Complete |  0
| 117|0x0000000713400000, 0x0000000713400000, 0x0000000713600000|  0%| F|  |TAMS 0x0000000713400000| PB 0x0000000713400000| Untracked |  0
| 118|0x0000000713600000, 0x0000000713600000, 0x0000000713800000|  0%| F|  |TAMS 0x0000000713600000| PB 0x0000000713600000| Untracked |  0
| 119|0x0000000713800000, 0x0000000713800000, 0x0000000713a00000|  0%| F|  |TAMS 0x0000000713800000| PB 0x0000000713800000| Untracked |  0
| 120|0x0000000713a00000, 0x0000000713b02998, 0x0000000713c00000| 50%| E|  |TAMS 0x0000000713a00000| PB 0x0000000713a00000| Complete |  1
| 121|0x0000000713c00000, 0x0000000713e00000, 0x0000000713e00000|100%| E|  |TAMS 0x0000000713c00000| PB 0x0000000713c00000| Complete |  0
| 122|0x0000000713e00000, 0x0000000714000000, 0x0000000714000000|100%| E|CS|TAMS 0x0000000713e00000| PB 0x0000000713e00000| Complete |  0
| 123|0x0000000714000000, 0x0000000714200000, 0x0000000714200000|100%| E|CS|TAMS 0x0000000714000000| PB 0x0000000714000000| Complete |  0
| 124|0x0000000714200000, 0x0000000714400000, 0x0000000714400000|100%| E|CS|TAMS 0x0000000714200000| PB 0x0000000714200000| Complete |  0
| 125|0x0000000714400000, 0x0000000714600000, 0x0000000714600000|100%| E|CS|TAMS 0x0000000714400000| PB 0x0000000714400000| Complete |  0

Card table byte_map: [0x000001e04f930000,0x000001e050110000] _byte_map_base: 0x000001e04c10b000

Marking Bits: (CMBitMap*) 0x000001e0355c4d40
 Bits: [0x000001e050110000, 0x000001e053fe8000)

Polling page: 0x000001e035270000

Metaspace:

Usage:
  Non-class:     12.26 MB used.
      Class:      1.65 MB used.
       Both:     13.91 MB used.

Virtual space:
  Non-class space:       64.00 MB reserved,      12.44 MB ( 19%) committed,  1 nodes.
      Class space:        1.00 GB reserved,       1.75 MB ( <1%) committed,  1 nodes.
             Both:        1.06 GB reserved,      14.19 MB (  1%) committed. 

Chunk freelists:
   Non-Class:  3.35 MB
       Class:  14.06 MB
        Both:  17.41 MB

MaxMetaspaceSize: unlimited
CompressedClassSpaceSize: 1.00 GB
Initial GC threshold: 21.00 MB
Current GC threshold: 21.00 MB
CDS: on
 - commit_granule_bytes: 65536.
 - commit_granule_words: 8192.
 - virtual_space_node_default_size: 8388608.
 - enlarge_chunks_in_place: 1.
 - use_allocation_guard: 0.


Internal statistics:

num_allocs_failed_limit: 0.
num_arena_births: 216.
num_arena_deaths: 0.
num_vsnodes_births: 2.
num_vsnodes_deaths: 0.
num_space_committed: 227.
num_space_uncommitted: 0.
num_chunks_returned_to_freelist: 0.
num_chunks_taken_from_freelist: 593.
num_chunk_merges: 0.
num_chunk_splits: 346.
num_chunks_enlarged: 210.
num_inconsistent_stats: 0.

CodeHeap 'non-profiled nmethods': size=120064Kb used=685Kb max_used=685Kb free=119378Kb
 bounds [0x000001e046f80000, 0x000001e0471f0000, 0x000001e04e4c0000]
CodeHeap 'profiled nmethods': size=120000Kb used=2760Kb max_used=2760Kb free=117239Kb
 bounds [0x000001e03f4c0000, 0x000001e03f780000, 0x000001e0469f0000]
CodeHeap 'non-nmethods': size=5696Kb used=1443Kb max_used=1513Kb free=4252Kb
 bounds [0x000001e0469f0000, 0x000001e046c60000, 0x000001e046f80000]
CodeCache: size=245760Kb, used=4888Kb, max_used=4958Kb, free=240869Kb
 total_blobs=2436, nmethods=1950, adapters=392, full_count=0
Compilation: enabled, stopped_count=0, restarted_count=0

Compilation events (20 events):
Event: 1.428 Thread 0x000001e098038b80 nmethod 1931 0x000001e03f76e888 code [0x000001e03f76eb20, 0x000001e03f76fe90]
Event: 1.428 Thread 0x000001e098038b80 1938       3       java.util.concurrent.ConcurrentMap::computeIfAbsent (51 bytes)
Event: 1.428 Thread 0x000001e098038b80 nmethod 1938 0x000001e03f76ff08 code [0x000001e03f770080, 0x000001e03f770648]
Event: 1.428 Thread 0x000001e098038b80 1940       3       org.springframework.core.annotation.AnnotationTypeMappings::size (10 bytes)
Event: 1.428 Thread 0x000001e098038b80 nmethod 1940 0x000001e03f770688 code [0x000001e03f7707a0, 0x000001e03f770988]
Event: 1.428 Thread 0x000001e098038b80 1939       3       org.springframework.core.annotation.RepeatableContainers::standardRepeatables (4 bytes)
Event: 1.428 Thread 0x000001e098038b80 nmethod 1939 0x000001e03f770a08 code [0x000001e03f770b20, 0x000001e03f770c18]
Event: 1.431 Thread 0x000001e0980380d0 nmethod 1936 0x000001e04701af08 code [0x000001e04701b040, 0x000001e04701b918]
Event: 1.431 Thread 0x000001e098038b80 1945   !   3       jdk.proxy2.$Proxy3::annotationType (28 bytes)
Event: 1.432 Thread 0x000001e098038b80 nmethod 1945 0x000001e03f770d08 code [0x000001e03f770e60, 0x000001e03f7712a0]
Event: 1.432 Thread 0x000001e098038b80 1946       3       java.util.stream.Sink$ChainedReference::<init> (16 bytes)
Event: 1.432 Thread 0x000001e09d2d7040 1947       4       java.lang.invoke.MethodType::methodType (69 bytes)
Event: 1.432 Thread 0x000001e098038b80 nmethod 1946 0x000001e03f771308 code [0x000001e03f771460, 0x000001e03f771880]
Event: 1.436 Thread 0x000001e098038b80 1949       3       java.lang.invoke.DelegatingMethodHandle::<init> (10 bytes)
Event: 1.436 Thread 0x000001e098038b80 nmethod 1949 0x000001e03f771908 code [0x000001e03f771a60, 0x000001e03f771e20]
Event: 1.436 Thread 0x000001e098038b80 1950       3       java.lang.invoke.DelegatingMethodHandle::chooseDelegatingForm (24 bytes)
Event: 1.436 Thread 0x000001e098038b80 nmethod 1950 0x000001e03f771e88 code [0x000001e03f771fc0, 0x000001e03f7722c8]
Event: 1.438 Thread 0x000001e0980380d0 1951       4       jdk.internal.util.ArraysSupport::mismatch (103 bytes)
Event: 1.440 Thread 0x000001e0980380d0 nmethod 1951 0x000001e04701bc88 code [0x000001e04701bda0, 0x000001e04701c010]
Event: 2.068 Thread 0x000001e09d2d7040 nmethod 1947 0x000001e04701c088 code [0x000001e04701cd60, 0x000001e04702af50]

GC Heap History (4 events):
Event: 0.746 GC heap before
{Heap before GC invocations=0 (full 0):
 garbage-first heap   total reserved 4118528K, committed 258048K, used 24576K [0x0000000704a00000, 0x0000000800000000)
  region size 2048K, 12 young (24576K), 0 survivors (0K)
 Metaspace       used 6787K, committed 7040K, reserved 1114112K
  class space    used 716K, committed 832K, reserved 1048576K
}
Event: 0.750 GC heap after
{Heap after GC invocations=1 (full 0):
 garbage-first heap   total reserved 4118528K, committed 258048K, used 11491K [0x0000000704a00000, 0x0000000800000000)
  region size 2048K, 2 young (4096K), 2 survivors (4096K)
 Metaspace       used 6787K, committed 7040K, reserved 1114112K
  class space    used 716K, committed 832K, reserved 1048576K
}
Event: 1.212 GC heap before
{Heap before GC invocations=1 (full 0):
 garbage-first heap   total reserved 4118528K, committed 258048K, used 27875K [0x0000000704a00000, 0x0000000800000000)
  region size 2048K, 11 young (22528K), 2 survivors (4096K)
 Metaspace       used 11733K, committed 11968K, reserved 1114112K
  class space    used 1350K, committed 1472K, reserved 1048576K
}
Event: 1.216 GC heap after
{Heap after GC invocations=2 (full 0):
 garbage-first heap   total reserved 4118528K, committed 258048K, used 13268K [0x0000000704a00000, 0x0000000800000000)
  region size 2048K, 1 young (2048K), 1 survivors (2048K)
 Metaspace       used 11733K, committed 11968K, reserved 1114112K
  class space    used 1350K, committed 1472K, reserved 1048576K
}

Dll operation events (8 events):
Event: 0.019 Loaded shared library C:\Users\gpslg\.jdks\openjdk-23.0.1\bin\java.dll
Event: 0.022 Loaded shared library C:\Users\gpslg\.jdks\openjdk-23.0.1\bin\zip.dll
Event: 0.062 Loaded shared library C:\Users\gpslg\.jdks\openjdk-23.0.1\bin\jsvml.dll
Event: 0.194 Loaded shared library C:\Users\gpslg\.jdks\openjdk-23.0.1\bin\instrument.dll
Event: 0.278 Loaded shared library C:\Users\gpslg\.jdks\openjdk-23.0.1\bin\net.dll
Event: 0.279 Loaded shared library C:\Users\gpslg\.jdks\openjdk-23.0.1\bin\nio.dll
Event: 0.288 Loaded shared library C:\Users\gpslg\.jdks\openjdk-23.0.1\bin\zip.dll
Event: 0.485 Loaded shared library C:\Users\gpslg\.jdks\openjdk-23.0.1\bin\jimage.dll

Deoptimization events (20 events):
Event: 1.416 Thread 0x000001e03555d3e0 DEOPT PACKING pc=0x000001e03f63346c sp=0x00000098345fc030
Event: 1.416 Thread 0x000001e03555d3e0 DEOPT UNPACKING pc=0x000001e046a44b22 sp=0x00000098345fb4f8 mode 1
Event: 1.416 Thread 0x000001e03555d3e0 DEOPT PACKING pc=0x000001e03f63386c sp=0x00000098345fc0c0
Event: 1.416 Thread 0x000001e03555d3e0 DEOPT UNPACKING pc=0x000001e046a44b22 sp=0x00000098345fb598 mode 1
Event: 1.424 Thread 0x000001e03555d3e0 DEOPT PACKING pc=0x000001e03f5e5351 sp=0x00000098345fbdd0
Event: 1.424 Thread 0x000001e03555d3e0 DEOPT UNPACKING pc=0x000001e046a44b22 sp=0x00000098345fb228 mode 1
Event: 1.424 Thread 0x000001e03555d3e0 DEOPT PACKING pc=0x000001e03f5e4dc4 sp=0x00000098345fbe60
Event: 1.424 Thread 0x000001e03555d3e0 DEOPT UNPACKING pc=0x000001e046a44b22 sp=0x00000098345fb308 mode 1
Event: 1.424 Thread 0x000001e03555d3e0 DEOPT PACKING pc=0x000001e03f63346c sp=0x00000098345fc820
Event: 1.424 Thread 0x000001e03555d3e0 DEOPT UNPACKING pc=0x000001e046a44b22 sp=0x00000098345fbce8 mode 1
Event: 1.424 Thread 0x000001e03555d3e0 DEOPT PACKING pc=0x000001e03f63386c sp=0x00000098345fc8b0
Event: 1.424 Thread 0x000001e03555d3e0 DEOPT UNPACKING pc=0x000001e046a44b22 sp=0x00000098345fbd88 mode 1
Event: 4.220 Thread 0x000001e03555d3e0 DEOPT PACKING pc=0x000001e03f7687ec sp=0x00000098345fc870
Event: 4.220 Thread 0x000001e03555d3e0 DEOPT UNPACKING pc=0x000001e046a44b22 sp=0x00000098345fbd28 mode 0
Event: 5.279 Thread 0x000001e03555d3e0 DEOPT PACKING pc=0x000001e03f5e4dc4 sp=0x00000098345fb470
Event: 5.279 Thread 0x000001e03555d3e0 DEOPT UNPACKING pc=0x000001e046a44b22 sp=0x00000098345fa918 mode 1
Event: 5.279 Thread 0x000001e03555d3e0 DEOPT PACKING pc=0x000001e03f63346c sp=0x00000098345fbe30
Event: 5.279 Thread 0x000001e03555d3e0 DEOPT UNPACKING pc=0x000001e046a44b22 sp=0x00000098345fb2f8 mode 1
Event: 5.279 Thread 0x000001e03555d3e0 DEOPT PACKING pc=0x000001e03f63386c sp=0x00000098345fbec0
Event: 5.279 Thread 0x000001e03555d3e0 DEOPT UNPACKING pc=0x000001e046a44b22 sp=0x00000098345fb380 mode 1

Classes loaded (20 events):
Event: 1.437 Loading class org/junit/jupiter/engine/execution/InterceptingExecutableInvoker$ReflectiveInterceptorCall
Event: 1.437 Loading class org/junit/jupiter/engine/execution/InterceptingExecutableInvoker$ReflectiveInterceptorCall done
Event: 1.437 Loading class org/junit/jupiter/engine/execution/InvocationInterceptorChain$InterceptorCall
Event: 1.437 Loading class org/junit/jupiter/engine/execution/InvocationInterceptorChain$InterceptorCall done
Event: 1.438 Loading class org/junit/jupiter/api/extension/InvocationInterceptor
Event: 1.438 Loading class org/junit/jupiter/api/extension/InvocationInterceptor done
Event: 1.438 Loading class org/junit/jupiter/engine/execution/InterceptingExecutableInvoker$ReflectiveInterceptorCall
Event: 1.438 Loading class org/junit/jupiter/engine/execution/InterceptingExecutableInvoker$ReflectiveInterceptorCall done
Event: 1.438 Loading class org/junit/jupiter/engine/execution/InvocationInterceptorChain$ValidatingInvocation
Event: 1.438 Loading class org/junit/jupiter/engine/execution/InvocationInterceptorChain$ValidatingInvocation done
Event: 1.439 Loading class java/util/ArrayList$ListItr
Event: 1.439 Loading class java/util/ArrayList$ListItr done
Event: 1.439 Loading class org/junit/jupiter/engine/execution/InvocationInterceptorChain$InterceptedInvocation
Event: 1.439 Loading class org/junit/jupiter/engine/execution/InvocationInterceptorChain$InterceptedInvocation done
Event: 5.274 Loading class com/intellij/rt/debugger/BatchEvaluatorServer
Event: 5.274 Loading class com/intellij/rt/debugger/BatchEvaluatorServer done
Event: 5.279 Loading class com/intellij/rt/debugger/BatchEvaluatorServer
Event: 5.279 Loading class com/intellij/rt/debugger/BatchEvaluatorServer done
Event: 5.316 Loading class java/io/DataOutputStream
Event: 5.316 Loading class java/io/DataOutputStream done

Classes unloaded (0 events):
No events

Classes redefined (1 events):
Event: 0.240 Thread 0x000001e09800dfa0 redefined class name=java.lang.Throwable, count=1

Internal exceptions (20 events):
Event: 0.936 Thread 0x000001e03555d3e0 Exception <a 'java/lang/NoSuchMethodError'{0x0000000713e8a090}: 'int java.lang.invoke.DirectMethodHandle$Holder.invokeStaticInit(java.lang.Object, java.lang.Object)'> (0x0000000713e8a090) 
thrown [s\open\src\hotspot\share\interpreter\linkResolver.cpp, line 796]
Event: 1.050 Thread 0x000001e03555d3e0 Exception <a 'java/lang/NoSuchMethodError'{0x0000000713a59600}: 'java.lang.Object java.lang.invoke.DirectMethodHandle$Holder.invokeSpecial(java.lang.Object, java.lang.Object, java.lang.Object, long, java.lang.Object)'> (0x0000000713a59600) 
thrown [s\open\src\hotspot\share\interpreter\linkResolver.cpp, line 796]
Event: 1.051 Thread 0x000001e03555d3e0 Exception <a 'java/lang/NoSuchMethodError'{0x0000000713a5d248}: 'java.lang.Object java.lang.invoke.Invokers$Holder.linkToTargetMethod(java.lang.Object, long, java.lang.Object, java.lang.Object)'> (0x0000000713a5d248) 
thrown [s\open\src\hotspot\share\interpreter\linkResolver.cpp, line 796]
Event: 1.088 Thread 0x000001e03555d3e0 Implicit null exception at 0x000001e046ffd856 to 0x000001e046ffd8fa
Event: 1.160 Thread 0x000001e03555d3e0 Exception <a 'java/lang/NoSuchMethodError'{0x00000007137a1838}: 'int java.lang.invoke.DirectMethodHandle$Holder.invokeStaticInit(java.lang.Object, java.lang.Object, java.lang.Object)'> (0x00000007137a1838) 
thrown [s\open\src\hotspot\share\interpreter\linkResolver.cpp, line 796]
Event: 1.186 Thread 0x000001e03555d3e0 Exception <a 'java/lang/NoSuchMethodError'{0x00000007134cdb58}: 'int java.lang.invoke.DirectMethodHandle$Holder.invokeInterface(java.lang.Object, java.lang.Object)'> (0x00000007134cdb58) 
thrown [s\open\src\hotspot\share\interpreter\linkResolver.cpp, line 796]
Event: 1.206 Thread 0x000001e03555d3e0 Exception <a 'java/lang/NoSuchMethodError'{0x00000007135ce678}: 'void java.lang.invoke.DirectMethodHandle$Holder.invokeStatic(java.lang.Object, java.lang.Object)'> (0x00000007135ce678) 
thrown [s\open\src\hotspot\share\interpreter\linkResolver.cpp, line 796]
Event: 1.207 Thread 0x000001e03555d3e0 Exception <a 'java/lang/NoSuchMethodError'{0x00000007135d1cf8}: 'void java.lang.invoke.DirectMethodHandle$Holder.invokeStaticInit(java.lang.Object, java.lang.Object)'> (0x00000007135d1cf8) 
thrown [s\open\src\hotspot\share\interpreter\linkResolver.cpp, line 796]
Event: 1.231 Thread 0x000001e03555d3e0 Exception <a 'java/lang/NoSuchMethodError'{0x00000007144ed6b0}: 'int java.lang.invoke.DirectMethodHandle$Holder.invokeVirtual(java.lang.Object, java.lang.Object, java.lang.Object)'> (0x00000007144ed6b0) 
thrown [s\open\src\hotspot\share\interpreter\linkResolver.cpp, line 796]
Event: 1.268 Thread 0x000001e03555d3e0 Exception <a 'java/lang/IncompatibleClassChangeError'{0x00000007142847e8}: Found class java.lang.Object, but interface was expected> (0x00000007142847e8) 
thrown [s\open\src\hotspot\share\interpreter\linkResolver.cpp, line 863]
Event: 1.290 Thread 0x000001e03555d3e0 Exception <a 'java/lang/NoSuchMethodError'{0x000000071435f118}: 'void java.lang.invoke.DirectMethodHandle$Holder.invokeVirtual(java.lang.Object, java.lang.Object, java.lang.Object, java.lang.Object)'> (0x000000071435f118) 
thrown [s\open\src\hotspot\share\interpreter\linkResolver.cpp, line 796]
Event: 1.393 Thread 0x000001e03555d3e0 Exception <a 'java/lang/NoSuchMethodError'{0x0000000713c559a0}: 'java.lang.Object java.lang.invoke.DirectMethodHandle$Holder.newInvokeSpecial(java.lang.Object, java.lang.Object, java.lang.Object, java.lang.Object, java.lang.Object, java.lang.Object, java.lang.Object)'> (0x0000000713c559a0) 
thrown [s\open\src\hotspot\share\interpreter\linkResolver.cpp, line 796]
Event: 1.393 Thread 0x000001e03555d3e0 Implicit null exception at 0x000001e046ff420f to 0x000001e046ff456c
Event: 1.426 Thread 0x000001e03555d3e0 Exception <a 'java/lang/NoSuchMethodError'{0x0000000713a3d5d8}: 'java.lang.Object java.lang.invoke.DirectMethodHandle$Holder.invokeInterface(java.lang.Object, java.lang.Object, java.lang.Object, java.lang.Object)'> (0x0000000713a3d5d8) 
thrown [s\open\src\hotspot\share\interpreter\linkResolver.cpp, line 796]
Event: 1.429 Thread 0x000001e03555d3e0 Exception <a 'java/lang/NoSuchMethodError'{0x0000000713a57648}: 'java.lang.Object java.lang.invoke.DirectMethodHandle$Holder.newInvokeSpecial(java.lang.Object, java.lang.Object, java.lang.Object, java.lang.Object, int)'> (0x0000000713a57648) 
thrown [s\open\src\hotspot\share\interpreter\linkResolver.cpp, line 796]
Event: 1.429 Thread 0x000001e03555d3e0 Exception <a 'java/lang/NoSuchMethodError'{0x0000000713a5bca8}: 'java.lang.Object java.lang.invoke.DirectMethodHandle$Holder.invokeSpecial(java.lang.Object, java.lang.Object, java.lang.Object, java.lang.Object, java.lang.Object, int)'> (0x0000000713a5bca8) 
thrown [s\open\src\hotspot\share\interpreter\linkResolver.cpp, line 796]
Event: 1.429 Thread 0x000001e03555d3e0 Exception <a 'java/lang/NoSuchMethodError'{0x0000000713a5fa10}: 'java.lang.Object java.lang.invoke.Invokers$Holder.linkToTargetMethod(java.lang.Object, java.lang.Object, java.lang.Object, int, java.lang.Object)'> (0x0000000713a5fa10) 
thrown [s\open\src\hotspot\share\interpreter\linkResolver.cpp, line 796]
Event: 1.435 Thread 0x000001e03555d3e0 Exception <a 'java/lang/NoSuchMethodError'{0x0000000713a94b88}: 'java.lang.Object java.lang.invoke.DirectMethodHandle$Holder.invokeInterface(java.lang.Object, java.lang.Object, java.lang.Object, java.lang.Object, java.lang.Object)'> (0x0000000713a94b88) 
thrown [s\open\src\hotspot\share\interpreter\linkResolver.cpp, line 796]
Event: 1.436 Thread 0x000001e03555d3e0 Exception <a 'java/lang/IncompatibleClassChangeError'{0x0000000713a986f8}: Found class java.lang.Object, but interface was expected> (0x0000000713a986f8) 
thrown [s\open\src\hotspot\share\interpreter\linkResolver.cpp, line 863]
Event: 5.274 Thread 0x000001e03555d3e0 Exception <a 'java/lang/ClassNotFoundException'{0x0000000713ac6fe0}: com/intellij/rt/debugger/BatchEvaluatorServer> (0x0000000713ac6fe0) 
thrown [s\open\src\hotspot\share\classfile\systemDictionary.cpp, line 313]

VM Operations (20 events):
Event: 1.014 Executing VM operation: HandshakeAllThreads (Deoptimize) done
Event: 1.212 Executing VM operation: G1CollectForAllocation (G1 Evacuation Pause)
Event: 1.216 Executing VM operation: G1CollectForAllocation (G1 Evacuation Pause) done
Event: 1.284 Executing VM operation: HandshakeAllThreads (Deoptimize)
Event: 1.284 Executing VM operation: HandshakeAllThreads (Deoptimize) done
Event: 1.439 Executing VM operation: HandshakeAllThreads (Deoptimize)
Event: 1.439 Executing VM operation: HandshakeAllThreads (Deoptimize) done
Event: 1.461 Executing VM operation: get/set locals
Event: 1.461 Executing VM operation: get/set locals done
Event: 4.219 Executing VM operation: ChangeSingleStep
Event: 4.219 Executing VM operation: ChangeSingleStep done
Event: 4.221 Executing VM operation: ChangeSingleStep
Event: 4.221 Executing VM operation: ChangeSingleStep done
Event: 5.003 Executing VM operation: get/set locals
Event: 5.003 Executing VM operation: get/set locals done
Event: 5.051 Executing VM operation: get/set locals
Event: 5.051 Executing VM operation: get/set locals done
Event: 5.051 Executing VM operation: get/set locals
Event: 5.051 Executing VM operation: get/set locals done
Event: 11.177 Executing VM operation: ChangeBreakpoints

Memory protections (0 events):
No events

Nmethod flushes (0 events):
No events

Events (20 events):
Event: 0.042 Thread 0x000001e03555d3e0 Thread added: 0x000001e03555d3e0
Event: 0.058 Thread 0x000001e03555d3e0 Thread added: 0x000001e09802dca0
Event: 0.058 Thread 0x000001e03555d3e0 Thread added: 0x000001e09802e700
Event: 0.058 Thread 0x000001e03555d3e0 Thread added: 0x000001e098031780
Event: 0.058 Thread 0x000001e03555d3e0 Thread added: 0x000001e098032310
Event: 0.058 Thread 0x000001e03555d3e0 Thread added: 0x000001e0980332b0
Event: 0.058 Thread 0x000001e03555d3e0 Thread added: 0x000001e098035f80
Event: 0.059 Thread 0x000001e03555d3e0 Thread added: 0x000001e0980380d0
Event: 0.059 Thread 0x000001e03555d3e0 Thread added: 0x000001e098038b80
Event: 0.154 Thread 0x000001e03555d3e0 Thread added: 0x000001e09815ab90
Event: 0.166 Thread 0x000001e0980380d0 Thread added: 0x000001e0981db9e0
Event: 0.174 Thread 0x000001e03555d3e0 Thread added: 0x000001e098251410
Event: 0.174 Thread 0x000001e03555d3e0 Thread added: 0x000001e0982520d0
Event: 0.175 Thread 0x000001e098251410 Thread added: 0x000001e0982b6f40
Event: 0.260 Thread 0x000001e03555d3e0 Thread added: 0x000001e09836cb20
Event: 0.264 Thread 0x000001e03555d3e0 Thread added: 0x000001e098408aa0
Event: 0.440 Thread 0x000001e0981db9e0 Thread exited: 0x000001e0981db9e0
Event: 0.638 Thread 0x000001e0980380d0 Thread added: 0x000001e09d2d7040
Event: 7.076 Thread 0x000001e09d2d7040 Thread exited: 0x000001e09d2d7040
Event: 11.176 Thread 0x000001e0982b6f40 Thread exited: 0x000001e0982b6f40


Dynamic libraries:
0x00007ff616910000 - 0x00007ff61691e000 	C:\Users\gpslg\.jdks\openjdk-23.0.1\bin\java.exe
0x00007ff891ac0000 - 0x00007ff891d27000 	C:\WINDOWS\SYSTEM32\ntdll.dll
0x00007ff890580000 - 0x00007ff890649000 	C:\WINDOWS\System32\KERNEL32.DLL
0x00007ff88f1a0000 - 0x00007ff88f597000 	C:\WINDOWS\System32\KERNELBASE.dll
0x00007ff88f5a0000 - 0x00007ff88f6eb000 	C:\WINDOWS\System32\ucrtbase.dll
0x00007ff8625b0000 - 0x00007ff8625c7000 	C:\Users\gpslg\.jdks\openjdk-23.0.1\bin\jli.dll
0x00007ff85f580000 - 0x00007ff85f59b000 	C:\Users\gpslg\.jdks\openjdk-23.0.1\bin\VCRUNTIME140.dll
0x00007ff88ff10000 - 0x00007ff8900d6000 	C:\WINDOWS\System32\USER32.dll
0x00007ff88f170000 - 0x00007ff88f197000 	C:\WINDOWS\System32\win32u.dll
0x00007ff864930000 - 0x00007ff864bc2000 	C:\WINDOWS\WinSxS\amd64_microsoft.windows.common-controls_6595b64144ccf1df_6.0.26100.8328_none_3e08182ce334b678\COMCTL32.dll
0x00007ff88fe30000 - 0x00007ff88fe5b000 	C:\WINDOWS\System32\GDI32.dll
0x00007ff88fe60000 - 0x00007ff88ff09000 	C:\WINDOWS\System32\msvcrt.dll
0x00007ff88eec0000 - 0x00007ff88efec000 	C:\WINDOWS\System32\gdi32full.dll
0x00007ff88ee10000 - 0x00007ff88eeb3000 	C:\WINDOWS\System32\msvcp_win.dll
0x00007ff890140000 - 0x00007ff890172000 	C:\WINDOWS\System32\IMM32.DLL
0x00007ff888420000 - 0x00007ff88842c000 	C:\Users\gpslg\.jdks\openjdk-23.0.1\bin\vcruntime140_1.dll
0x00007ff850d80000 - 0x00007ff850e0e000 	C:\Users\gpslg\.jdks\openjdk-23.0.1\bin\msvcp140.dll
0x00007fff98740000 - 0x00007fff9948f000 	C:\Users\gpslg\.jdks\openjdk-23.0.1\bin\server\jvm.dll
0x00007ff8903e0000 - 0x00007ff890496000 	C:\WINDOWS\System32\ADVAPI32.dll
0x00007ff8909a0000 - 0x00007ff890a47000 	C:\WINDOWS\System32\sechost.dll
0x00007ff8911b0000 - 0x00007ff8912c8000 	C:\WINDOWS\System32\RPCRT4.dll
0x00007ff890710000 - 0x00007ff890790000 	C:\WINDOWS\System32\WS2_32.dll
0x00007ff88d0c0000 - 0x00007ff88d11e000 	C:\WINDOWS\SYSTEM32\POWRPROF.dll
0x00007ff876410000 - 0x00007ff87641b000 	C:\WINDOWS\SYSTEM32\VERSION.dll
0x00007ff87bef0000 - 0x00007ff87bf26000 	C:\WINDOWS\SYSTEM32\WINMM.dll
0x00007ff88d0a0000 - 0x00007ff88d0b4000 	C:\WINDOWS\SYSTEM32\UMPDC.dll
0x00007ff88d3a0000 - 0x00007ff88d3bb000 	C:\WINDOWS\SYSTEM32\kernel.appcore.dll
0x00007ff884d20000 - 0x00007ff884d2a000 	C:\Users\gpslg\.jdks\openjdk-23.0.1\bin\jimage.dll
0x00007ff88be00000 - 0x00007ff88c042000 	C:\WINDOWS\SYSTEM32\DBGHELP.DLL
0x00007ff890c40000 - 0x00007ff890fc3000 	C:\WINDOWS\System32\combase.dll
0x00007ff8904a0000 - 0x00007ff890579000 	C:\WINDOWS\System32\OLEAUT32.dll
0x00007ff869d50000 - 0x00007ff869d8b000 	C:\WINDOWS\SYSTEM32\dbgcore.DLL
0x00007ff88e4f0000 - 0x00007ff88e598000 	C:\WINDOWS\System32\bcryptPrimitives.dll
0x00007ff849260000 - 0x00007ff84929c000 	C:\Users\gpslg\.jdks\openjdk-23.0.1\bin\jdwp.dll
0x00007ff860a20000 - 0x00007ff860a2f000 	C:\Users\gpslg\.jdks\openjdk-23.0.1\bin\instrument.dll
0x00007ff85ccc0000 - 0x00007ff85ccde000 	C:\Users\gpslg\.jdks\openjdk-23.0.1\bin\java.dll
0x00007ff890a50000 - 0x00007ff890be7000 	C:\WINDOWS\System32\ole32.dll
0x00007ff891300000 - 0x00007ff891a6e000 	C:\WINDOWS\System32\SHELL32.dll
0x00007ff85c540000 - 0x00007ff85c557000 	C:\Users\gpslg\.jdks\openjdk-23.0.1\bin\zip.dll
0x00007ff88e5a0000 - 0x00007ff88ee0c000 	C:\WINDOWS\System32\windows.storage.dll
0x00007ff8908a0000 - 0x00007ff890996000 	C:\WINDOWS\System32\SHCORE.dll
0x00007ff890830000 - 0x00007ff890896000 	C:\WINDOWS\System32\shlwapi.dll
0x00007ff88e410000 - 0x00007ff88e439000 	C:\WINDOWS\SYSTEM32\profapi.dll
0x00007ff8492a0000 - 0x00007ff849377000 	C:\Users\gpslg\.jdks\openjdk-23.0.1\bin\jsvml.dll
0x00007ff85c530000 - 0x00007ff85c53c000 	C:\Users\gpslg\.jdks\openjdk-23.0.1\bin\dt_socket.dll
0x00007ff88ccd0000 - 0x00007ff88cd02000 	C:\WINDOWS\SYSTEM32\IPHLPAPI.DLL
0x00007ff88d910000 - 0x00007ff88d97c000 	C:\WINDOWS\system32\mswsock.dll
0x00007ff85cf30000 - 0x00007ff85cf40000 	C:\Users\gpslg\.jdks\openjdk-23.0.1\bin\net.dll
0x00007ff85cca0000 - 0x00007ff85ccb6000 	C:\Users\gpslg\.jdks\openjdk-23.0.1\bin\nio.dll

dbghelp: loaded successfully - version: 4.0.5 - missing functions: none
symbol engine: initialized successfully - sym options: 0x614 - pdb path: .;C:\Users\gpslg\.jdks\openjdk-23.0.1\bin;C:\WINDOWS\SYSTEM32;C:\WINDOWS\WinSxS\amd64_microsoft.windows.common-controls_6595b64144ccf1df_6.0.26100.8328_none_3e08182ce334b678;C:\Users\gpslg\.jdks\openjdk-23.0.1\bin\server

VM Arguments:
jvm_args: -agentlib:jdwp=transport=dt_socket,address=127.0.0.1:62348,suspend=y,server=n -javaagent:C:\Users\gpslg\AppData\Local\JetBrains\IdeaIC2025.2\captureAgent\debugger-agent.jar=file:///C:/Users/gpslg/AppData/Local/Temp/capture9402576582411566859.props -ea -Didea.test.cyclic.buffer.size=1048576 -Dkotlinx.coroutines.debug.enable.creation.stack.trace=false -Ddebugger.agent.enable.coroutines=true -Dkotlinx.coroutines.debug.enable.flows.stack.trace=true -Dkotlinx.coroutines.debug.enable.mutable.state.flows.stack.trace=true -Dfile.encoding=UTF-8 -Dsun.stdout.encoding=UTF-8 -Dsun.stderr.encoding=UTF-8 
java_command: com.intellij.rt.junit.JUnitStarter -ideVersion5 -junit5 unicap.juryscan.services.StripeServiceIntegrationTest
java_class_path (initial): C:\Users\gpslg\.m2\repository\org\junit\platform\junit-platform-launcher\1.12.2\junit-platform-launcher-1.12.2.jar;C:\Program Files\JetBrains\IntelliJ IDEA Community Edition 2025.2.6\lib\idea_rt.jar;C:\Program Files\JetBrains\IntelliJ IDEA Community Edition 2025.2.6\plugins\junit\lib\junit6-rt.jar;C:\Program Files\JetBrains\IntelliJ IDEA Community Edition 2025.2.6\plugins\junit\lib\junit5-rt.jar;C:\Program Files\JetBrains\IntelliJ IDEA Community Edition 2025.2.6\plugins\junit\lib\junit-rt.jar;C:\Users\gpslg\JuryScan-back\target\test-classes;C:\Users\gpslg\JuryScan-back\target\classes;C:\Users\gpslg\.m2\repository\org\springframework\boot\spring-boot-starter-data-jpa\3.5.5\spring-boot-starter-data-jpa-3.5.5.jar;C:\Users\gpslg\.m2\repository\org\springframework\boot\spring-boot-starter\3.5.5\spring-boot-starter-3.5.5.jar;C:\Users\gpslg\.m2\repository\org\springframework\boot\spring-boot-starter-logging\3.5.5\spring-boot-starter-logging-3.5.5.jar;C:\Users\gpslg\.m2\repository\ch\qos\logback\logback-classic\1.5.18\logback-classic-1.5.18.jar;C:\Users\gpslg\.m2\repository\ch\qos\logback\logback-core\1.5.18\logback-core-1.5.18.jar;C:\Users\gpslg\.m2\repository\org\apache\logging\log4j\log4j-to-slf4j\2.24.3\log4j-to-slf4j-2.24.3.jar;C:\Users\gpslg\.m2\repository\org\apache\logging\log4j\log4j-api\2.24.3\log4j-api-2.24.3.jar;C:\Users\gpslg\.m2\repository\org\slf4j\jul-to-slf4j\2.0.17\jul-to-slf4j-2.0.17.jar;C:\Users\gpslg\.m2\repository\jakarta\annotation\jakarta.annotation-api\2.1.1\jakarta.annotation-api-2.1.1.jar;C:\Users\gpslg\.m2\repository\org\yaml\snakeyaml\2.4\snakeyaml-2.4.jar;C:\Users\gpslg\.m2\repository\org\springframework\boot\spring-boot-starter-jdbc\3.5.5\spring-boot-starter-jdbc-3.5.5.jar;C:\Users\gpslg\.m2\repository\com\zaxxer\HikariCP\6.3.2\HikariCP-6.3.2.jar;C:\Users\gpslg\.m2\repository\org\springframework\spring-jdbc\6.2.10\spring-jdbc-6.2.10.jar;C:\Users\gpslg\.m2\repository\org\hibernate\orm\hibernate-core\6.6.26.Final\hibernate-core-6.6.26.Final.jar;C:\Users\gpslg\.m2\repository\jakarta\persistence\jakarta.persistence-api\3.1.0\jakarta.persistence-api-3.1.0.jar;C:\Users\gpslg\.m2\repository\jakarta\transaction\jakarta.transaction-api\2.0.1\jakarta.transaction-api-2.0.1.jar;C:\Users\gpslg\.m2\repository\org\jboss\logging\jboss-logging\3.6.1.Final\jboss-logging-3.6.1.Final.jar;C:\Users\gpslg\.m2\repository\org\hibernate\common\hibernate-commons-annotations\7.0.3.Final\hibernate-commons-annotations-7.0.3.Final.jar;C:\Users\gpslg\.m2\repository\io\smallrye\jandex\3.2.0\jandex-3.2.0.jar;C:\Users\gpslg\.m2\repository\com\fasterxml\classmate\1.7.0\classmate-1.7.0.jar;C:\Users\gpslg\.m2\repository\net\bytebuddy\byte-buddy\1.17.7\byte-buddy-1.17.7.jar;C:\Users\gpslg\.m2\repository\org\glassfish\jaxb\jaxb-runtime\4.0.5\jaxb-runtime-4.0.5.jar;C:\Users\gpslg\.m2\repository\org\glassfish\jaxb\jaxb-core\4.0.5\jaxb-core-4.0.5.jar;C:\Users\gpslg\.m2\repository\org\glassfish\jaxb\txw2\4.0.5\txw2-4.0.5.jar;C:\Users\gpslg\.m2\repository\com\sun\istack\istack-commons-runtime\4.1.2\istack-commons-runtime-4.1.2.jar;C:\Users\gpslg\.m2\repository\jakarta\inject\jakarta.inject-api\2.0.1\jakarta.inject-api-2.0.1.jar;C:\Users\gpslg\.m2\repository\org\antlr\antlr4-runtime\4.13.0\antlr4-runtime-4.13.0.jar;C:\Users\gpslg\.m2\repository\org\springframework\data\spring-data-jpa\3.5.3\spring-data-jpa-3.5.3.jar;C:\Users\gpslg\.m2\repository\org\springframework\data\spring-data-commons\3.5.3\spring-data-commons-3.5.3.jar;C:\Users\gpslg\.m2\repository\org\springframework\spring-orm\6.2.10\spring-orm-6.2.10.jar;C:\Users\gpslg\.m2\repository\org\springframework\spring-context\6.2.10\spring-context-6.2.10.jar;C:\Users\gpslg\.m2\repository\org\springframework\spring-tx\6.2.10\spring-tx-6.2.10.jar;C:\Users\gpslg\.m2\repository\org\springframework\spring-beans\6.2.10\spring-beans-6.2.10.jar;C:\Users\gpslg\.m2\repository\org\springframework\spring-aspects\6.2.10\spring-aspects-6.2.10.jar;C:\Users\gpslg\.m2\repository\org\aspectj\aspectjweaver\1.9.24\aspectjweaver-1.9.24.jar;C:\Users\gpslg\.m2\repository\org\springframework\boot\spring-boot-starter-security\3.5.5\spring-boot-starter-security-3.5.5.jar;C:\Users\gpslg\.m2\repository\org\springframework\spring-aop\6.2.10\spring-aop-6.2.10.jar;C:\Users\gpslg\.m2\repository\org\springframework\security\spring-security-config\6.5.3\spring-security-config-6.5.3.jar;C:\Users\gpslg\.m2\repository\org\springframework\security\spring-security-web\6.5.3\spring-security-web-6.5.3.jar;C:\Users\gpslg\.m2\repository\org\springframework\spring-expression\6.2.10\spring-expression-6.2.10.jar;C:\Users\gpslg\.m2\repository\org\springframework\boot\spring-boot-starter-thymeleaf\3.5.5\spring-boot-starter-thymeleaf-3.5.5.jar;C:\Users\gpslg\.m2\repository\org\thymeleaf\thymeleaf-spring6\3.1.3.RELEASE\thymeleaf-spring6-3.1.3.RELEASE.jar;C:\Users\gpslg\.m2\repository\org\thymeleaf\thymeleaf\3.1.3.RELEASE\thymeleaf-3.1.3.RELEASE.jar;C:\Users\gpslg\.m2\repository\org\attoparser\attoparser\2.0.7.RELEASE\attoparser-2.0.7.RELEASE.jar;C:\Users\gpslg\.m2\repository\org\unbescape\unbescape\1.1.6.RELEASE\unbescape-1.1.6.RELEASE.jar;C:\Users\gpslg\.m2\repository\org\springframework\boot\spring-boot-starter-web\3.5.5\spring-boot-starter-web-3.5.5.jar;C:\Users\gpslg\.m2\repository\org\springframework\boot\spring-boot-starter-json\3.5.5\spring-boot-starter-json-3.5.5.jar;C:\Users\gpslg\.m2\repository\com\fasterxml\jackson\module\jackson-module-parameter-names\2.19.2\jackson-module-parameter-names-2.19.2.jar;C:\Users\gpslg\.m2\repository\org\springframework\boot\spring-boot-starter-tomcat\3.5.5\spring-boot-starter-tomcat-3.5.5.jar;C:\Users\gpslg\.m2\repository\org\apache\tomcat\embed\tomcat-embed-core\10.1.44\tomcat-embed-core-10.1.44.jar;C:\Users\gpslg\.m2\repository\org\apache\tomcat\embed\tomcat-embed-el\10.1.44\tomcat-embed-el-10.1.44.jar;C:\Users\gpslg\.m2\repository\org\apache\tomcat\embed\tomcat-embed-websocket\10.1.44\tomcat-embed-websocket-10.1.44.jar;C:\Users\gpslg\.m2\repository\org\springframework\spring-web\6.2.10\spring-web-6.2.10.jar;C:\Users\gpslg\.m2\repository\io\micrometer\micrometer-observation\1.15.3\micrometer-observation-1.15.3.jar;C:\Users\gpslg\.m2\repository\io\micrometer\micrometer-commons\1.15.3\micrometer-commons-1.15.3.jar;C:\Users\gpslg\.m2\repository\org\springframework\spring-webmvc\6.2.10\spring-webmvc-6.2.10.jar;C:\Users\gpslg\.m2\repository\org\thymeleaf\extras\thymeleaf-extras-springsecurity6\3.1.3.RELEASE\thymeleaf-extras-springsecurity6-3.1.3.RELEASE.jar;C:\Users\gpslg\.m2\repository\org\slf4j\slf4j-api\2.0.17\slf4j-api-2.0.17.jar;C:\Users\gpslg\.m2\repository\org\springframework\boot\spring-boot-devtools\3.5.5\spring-boot-devtools-3.5.5.jar;C:\Users\gpslg\.m2\repository\org\springframework\boot\spring-boot\3.5.5\spring-boot-3.5.5.jar;C:\Users\gpslg\.m2\repository\org\springframework\boot\spring-boot-autoconfigure\3.5.5\spring-boot-autoconfigure-3.5.5.jar;C:\Users\gpslg\.m2\repository\com\h2database\h2\2.3.232\h2-2.3.232.jar;C:\Users\gpslg\.m2\repository\org\postgresql\postgresql\42.7.7\postgresql-42.7.7.jar;C:\Users\gpslg\.m2\repository\org\checkerframework\checker-qual\3.49.3\checker-qual-3.49.3.jar;C:\Users\gpslg\.m2\repository\org\projectlombok\lombok\1.18.30\lombok-1.18.30.jar;C:\Users\gpslg\.m2\repository\org\springframework\boot\spring-boot-starter-test\3.5.5\spring-boot-starter-test-3.5.5.jar;C:\Users\gpslg\.m2\repository\org\springframework\boot\spring-boot-test\3.5.5\spring-boot-test-3.5.5.jar;C:\Users\gpslg\.m2\repository\org\springframework\boot\spring-boot-test-autoconfigure\3.5.5\spring-boot-test-autoconfigure-3.5.5.jar;C:\Users\gpslg\.m2\repository\com\jayway\jsonpath\json-path\2.9.0\json-path-2.9.0.jar;C:\Users\gpslg\.m2\repository\jakarta\xml\bind\jakarta.xml.bind-api\4.0.2\jakarta.xml.bind-api-4.0.2.jar;C:\Users\gpslg\.m2\repository\jakarta\activation\jakarta.activation-api\2.1.3\jakarta.activation-api-2.1.3.jar;C:\Users\gpslg\.m2\repository\net\minidev\json-smart\2.5.2\json-smart-2.5.2.jar;C:\Users\gpslg\.m2\repository\net\minidev\accessors-smart\2.5.2\accessors-smart-2.5.2.jar;C:\Users\gpslg\.m2\repository\org\ow2\asm\asm\9.7.1\asm-9.7.1.jar;C:\Users\gpslg\.m2\repository\org\assertj\assertj-core\3.27.4\assertj-core-3.27.4.jar;C:\Users\gpslg\.m2\repository\org\awaitility\awaitility\4.2.2\awaitility-4.2.2.jar;C:\Users\gpslg\.m2\repository\org\hamcrest\hamcrest\3.0\hamcrest-3.0.jar;C:\Users\gpslg\.m2\repository\org\junit\jupiter\junit-jupiter\5.12.2\junit-jupiter-5.12.2.jar;C:\Users\gpslg\.m2\repository\org\junit\jupiter\junit-jupiter-api\5.12.2\junit-jupiter-api-5.12.2.jar;C:\Users\gpslg\.m2\repository\org\opentest4j\opentest4j\1.3.0\opentest4j-1.3.0.jar;C:\Users\gpslg\.m2\repository\org\junit\platform\junit-platform-commons\1.12.2\junit-platform-commons-1.12.2.jar;C:\Users\gpslg\.m2\repository\org\apiguardian\apiguardian-api\1.1.2\apiguardian-api-1.1.2.jar;C:\Users\gpslg\.m2\repository\org\junit\jupiter\junit-jupiter-params\5.12.2\junit-jupiter-params-5.12.2.jar;C:\Users\gpslg\.m2\repository\org\junit\jupiter\junit-jupiter-engine\5.12.2\junit-jupiter-engine-5.12.2.jar;C:\Users\gpslg\.m2\repository\org\junit\platform\junit-platform-engine\1.12.2\junit-platform-engine-1.12.2.jar;C:\Users\gpslg\.m2\repository\org\mockito\mockito-core\5.17.0\mockito-core-5.17.0.jar;C:\Users\gpslg\.m2\repository\net\bytebuddy\byte-buddy-agent\1.17.7\byte-buddy-agent-1.17.7.jar;C:\Users\gpslg\.m2\repository\org\objenesis\objenesis\3.3\objenesis-3.3.jar;C:\Users\gpslg\.m2\repository\org\mockito\mockito-junit-jupiter\5.17.0\mockito-junit-jupiter-5.17.0.jar;C:\Users\gpslg\.m2\repository\org\skyscreamer\jsonassert\1.5.3\jsonassert-1.5.3.jar;C:\Users\gpslg\.m2\repository\com\vaadin\external\google\android-json\0.0.20131108.vaadin1\android-json-0.0.20131108.vaadin1.jar;C:\Users\gpslg\.m2\repository\org\springframework\spring-core\6.2.10\spring-core-6.2.10.jar;C:\Users\gpslg\.m2\repository\org\springframework\spring-jcl\6.2.10\spring-jcl-6.2.10.jar;C:\Users\gpslg\.m2\repository\org\springframework\spring-test\6.2.10\spring-test-6.2.10.jar;C:\Users\gpslg\.m2\repository\org\xmlunit\xmlunit-core\2.10.3\xmlunit-core-2.10.3.jar;C:\Users\gpslg\.m2\repository\org\springframework\security\spring-security-test\6.5.3\spring-security-test-6.5.3.jar;C:\Users\gpslg\.m2\repository\org\springframework\security\spring-security-core\6.5.3\spring-security-core-6.5.3.jar;C:\Users\gpslg\.m2\repository\org\springframework\security\spring-security-crypto\6.5.3\spring-security-crypto-6.5.3.jar;C:\Users\gpslg\.m2\repository\me\paulschwarz\spring-dotenv\4.0.0\spring-dotenv-4.0.0.jar;C:\Users\gpslg\.m2\repository\io\github\cdimascio\dotenv-java\3.0.0\dotenv-java-3.0.0.jar;C:\Users\gpslg\.m2\repository\org\springframework\boot\spring-boot-starter-mail\3.5.5\spring-boot-starter-mail-3.5.5.jar;C:\Users\gpslg\.m2\repository\org\springframework\spring-context-support\6.2.10\spring-context-support-6.2.10.jar;C:\Users\gpslg\.m2\repository\org\eclipse\angus\jakarta.mail\2.0.4\jakarta.mail-2.0.4.jar;C:\Users\gpslg\.m2\repository\org\eclipse\angus\angus-activation\2.0.2\angus-activation-2.0.2.jar;C:\Users\gpslg\.m2\repository\org\springdoc\springdoc-openapi-starter-webmvc-ui\2.8.8\springdoc-openapi-starter-webmvc-ui-2.8.8.jar;C:\Users\gpslg\.m2\repository\org\springdoc\springdoc-openapi-starter-webmvc-api\2.8.8\springdoc-openapi-starter-webmvc-api-2.8.8.jar;C:\Users\gpslg\.m2\repository\org\springdoc\springdoc-openapi-starter-common\2.8.8\springdoc-openapi-starter-common-2.8.8.jar;C:\Users\gpslg\.m2\repository\org\springframework\boot\spring-boot-starter-validation\3.5.5\spring-boot-starter-validation-3.5.5.jar;C:\Users\gpslg\.m2\repository\org\hibernate\validator\hibernate-validator\8.0.3.Final\hibernate-validator-8.0.3.Final.jar;C:\Users\gpslg\.m2\repository\io\swagger\core\v3\swagger-core-jakarta\2.2.30\swagger-core-jakarta-2.2.30.jar;C:\Users\gpslg\.m2\repository\org\apache\commons\commons-lang3\3.17.0\commons-lang3-3.17.0.jar;C:\Users\gpslg\.m2\repository\io\swagger\core\v3\swagger-annotations-jakarta\2.2.30\swagger-annotations-jakarta-2.2.30.jar;C:\Users\gpslg\.m2\repository\io\swagger\core\v3\swagger-models-jakarta\2.2.30\swagger-models-jakarta-2.2.30.jar;C:\Users\gpslg\.m2\repository\jakarta\validation\jakarta.validation-api\3.0.2\jakarta.validation-api-3.0.2.jar;C:\Users\gpslg\.m2\repository\com\fasterxml\jackson\dataformat\jackson-dataformat-yaml\2.19.2\jackson-dataformat-yaml-2.19.2.jar;C:\Users\gpslg\.m2\repository\org\webjars\swagger-ui\5.21.0\swagger-ui-5.21.0.jar;C:\Users\gpslg\.m2\repository\org\webjars\webjars-locator-lite\1.1.0\webjars-locator-lite-1.1.0.jar;C:\Users\gpslg\.m2\repository\org\flywaydb\flyway-core\11.11.2\flyway-core-11.11.2.jar;C:\Users\gpslg\.m2\repository\com\fasterxml\jackson\core\jackson-databind\2.19.2\jackson-databind-2.19.2.jar;C:\Users\gpslg\.m2\repository\com\fasterxml\jackson\core\jackson-annotations\2.19.2\jackson-annotations-2.19.2.jar;C:\Users\gpslg\.m2\repository\com\fasterxml\jackson\core\jackson-core\2.19.2\jackson-core-2.19.2.jar;C:\Users\gpslg\.m2\repository\org\flywaydb\flyway-database-postgresql\11.7.2\flyway-database-postgresql-11.7.2.jar;C:\Users\gpslg\.m2\repository\com\auth0\java-jwt\4.4.0\java-jwt-4.4.0.jar;C:\Users\gpslg\.m2\repository\com\google\genai\google-genai\1.29.0\google-genai-1.29.0.jar;C:\Users\gpslg\.m2\repository\com\google\auth\google-auth-library-oauth2-http\1.33.0\google-auth-library-oauth2-http-1.33.0.jar;C:\Users\gpslg\.m2\repository\com\google\auto\value\auto-value-annotations\1.11.0\auto-value-annotations-1.11.0.jar;C:\Users\gpslg\.m2\repository\com\google\code\findbugs\jsr305\3.0.2\jsr305-3.0.2.jar;C:\Users\gpslg\.m2\repository\com\google\auth\google-auth-library-credentials\1.33.0\google-auth-library-credentials-1.33.0.jar;C:\Users\gpslg\.m2\repository\com\google\http-client\google-http-client\1.46.2\google-http-client-1.46.2.jar;C:\Users\gpslg\.m2\repository\io\grpc\grpc-context\1.70.0\grpc-context-1.70.0.jar;C:\Users\gpslg\.m2\repository\io\grpc\grpc-api\1.70.0\grpc-api-1.70.0.jar;C:\Users\gpslg\.m2\repository\io\opencensus\opencensus-api\0.31.1\opencensus-api-0.31.1.jar;C:\Users\gpslg\.m2\repository\io\opencensus\opencensus-contrib-http-util\0.31.1\opencensus-contrib-http-util-0.31.1.jar;C:\Users\gpslg\.m2\repository\com\google\http-client\google-http-client-gson\1.46.2\google-http-client-gson-1.46.2.jar;C:\Users\gpslg\.m2\repository\com\google\guava\guava\33.4.0-android\guava-33.4.0-android.jar;C:\Users\gpslg\.m2\repository\com\google\guava\failureaccess\1.0.2\failureaccess-1.0.2.jar;C:\Users\gpslg\.m2\repository\com\google\guava\listenablefuture\9999.0-empty-to-avoid-conflict-with-guava\listenablefuture-9999.0-empty-to-avoid-conflict-with-guava.jar;C:\Users\gpslg\.m2\repository\com\google\errorprone\error_prone_annotations\2.36.0\error_prone_annotations-2.36.0.jar;C:\Users\gpslg\.m2\repository\org\apache\httpcomponents\httpclient\4.5.14\httpclient-4.5.14.jar;C:\Users\gpslg\.m2\repository\org\apache\httpcomponents\httpcore\4.4.16\httpcore-4.4.16.jar;C:\Users\gpslg\.m2\repository\commons-logging\commons-logging\1.2\commons-logging-1.2.jar;C:\Users\gpslg\.m2\repository\commons-codec\commons-codec\1.18.0\commons-codec-1.18.0.jar;C:\Users\gpslg\.m2\repository\com\google\api\api-common\2.45.0\api-common-2.45.0.jar;C:\Users\gpslg\.m2\repository\javax\annotation\javax.annotation-api\1.3.2\javax.annotation-api-1.3.2.jar;C:\Users\gpslg\.m2\repository\com\google\j2objc\j2objc-annotations\3.0.0\j2objc-annotations-3.0.0.jar;C:\Users\gpslg\.m2\repository\com\fasterxml\jackson\datatype\jackson-datatype-jdk8\2.19.2\jackson-datatype-jdk8-2.19.2.jar;C:\Users\gpslg\.m2\repository\com\fasterxml\jackson\datatype\jackson-datatype-jsr310\2.19.2\jackson-datatype-jsr310-2.19.2.jar;C:\Users\gpslg\.m2\repository\org\java-websocket\Java-WebSocket\1.6.0\Java-WebSocket-1.6.0.jar;C:\Users\gpslg\.m2\repository\com\squareup\okhttp3\okhttp\4.12.0\okhttp-4.12.0.jar;C:\Users\gpslg\.m2\repository\com\squareup\okio\okio\3.6.0\okio-3.6.0.jar;C:\Users\gpslg\.m2\repository\com\squareup\okio\okio-jvm\3.6.0\okio-jvm-3.6.0.jar;C:\Users\gpslg\.m2\repository\org\jetbrains\kotlin\kotlin-stdlib-common\1.9.25\kotlin-stdlib-common-1.9.25.jar;C:\Users\gpslg\.m2\repository\com\google\protobuf\protobuf-java\3.25.5\protobuf-java-3.25.5.jar;C:\Users\gpslg\.m2\repository\org\jspecify\jspecify\1.0.0\jspecify-1.0.0.jar;C:\Users\gpslg\.m2\repository\org\jetbrains\kotlin\kotlin-stdlib-jdk8\1.9.25\kotlin-stdlib-jdk8-1.9.25.jar;C:\Users\gpslg\.m2\repository\org\jetbrains\kotlin\kotlin-stdlib\1.9.25\kotlin-stdlib-1.9.25.jar;C:\Users\gpslg\.m2\repository\org\jetbrains\annotations\13.0\annotations-13.0.jar;C:\Users\gpslg\.m2\repository\org\jetbrains\kotlin\kotlin-stdlib-jdk7\1.9.25\kotlin-stdlib-jdk7-1.9.25.jar;C:\Users\gpslg\.m2\repository\com\stripe\stripe-java\32.0.0\stripe-java-32.0.0.jar;C:\Users\gpslg\.m2\repository\com\google\code\gson\gson\2.13.1\gson-2.13.1.jar
Launcher Type: SUN_STANDARD

[Global flags]
     intx CICompilerCount                          = 4                                         {product} {ergonomic}
     uint ConcGCThreads                            = 3                                         {product} {ergonomic}
     uint G1ConcRefinementThreads                  = 10                                        {product} {ergonomic}
   size_t G1HeapRegionSize                         = 2097152                                   {product} {ergonomic}
   size_t InitialHeapSize                          = 264241152                                 {product} {ergonomic}
   size_t MarkStackSize                            = 4194304                                   {product} {ergonomic}
   size_t MarkStackSizeMax                         = 536870912                                 {product} {ergonomic}
   size_t MaxHeapSize                              = 4217372672                                {product} {ergonomic}
   size_t MaxNewSize                               = 2529165312                                {product} {ergonomic}
   size_t MinHeapDeltaBytes                        = 2097152                                   {product} {ergonomic}
   size_t MinHeapSize                              = 8388608                                   {product} {ergonomic}
    uintx NonNMethodCodeHeapSize                   = 5832704                                {pd product} {ergonomic}
    uintx NonProfiledCodeHeapSize                  = 122945536                              {pd product} {ergonomic}
    uintx ProfiledCodeHeapSize                     = 122880000                              {pd product} {ergonomic}
    uintx ReservedCodeCacheSize                    = 251658240                              {pd product} {ergonomic}
     bool SegmentedCodeCache                       = true                                      {product} {ergonomic}
   size_t SoftMaxHeapSize                          = 4217372672                             {manageable} {ergonomic}
     bool UseCompressedOops                        = true                           {product lp64_product} {ergonomic}
     bool UseG1GC                                  = true                                      {product} {ergonomic}
     bool UseLargePagesIndividualAllocation        = false                                  {pd product} {ergonomic}

Logging:
Log output configuration:
 #0: stdout all=warning uptime,level,tags foldmultilines=false
 #1: stderr all=off uptime,level,tags foldmultilines=false

Environment Variables:
JAVA_HOME=C:\Program Files\Java\jdk-21
PATH=C:\Program Files\Common Files\Oracle\Java\javapath;C:\Program Files (x86)\Common Files\Oracle\Java\java8path;C:\Program Files (x86)\Common Files\Oracle\Java\javapath;C:\Windows\system32;C:\Windows;C:\Windows\System32\Wbem;C:\Windows\System32\WindowsPowerShell\v1.0\;C:\Windows\System32\OpenSSH\;C:\Program Files (x86)\NVIDIA Corporation\PhysX\Common;C:\Program Files\NVIDIA Corporation\NVIDIA app\NvDLISR;C:\Program Files\dotnet\;C:\Program Files\Microsoft SQL Server\120\Tools\Binn\;C:\Program Files\Common Files\Autodesk Shared\;C:\WINDOWS\system32;C:\WINDOWS;C:\WINDOWS\System32\Wbem;C:\WINDOWS\System32\WindowsPowerShell\v1.0\;C:\WINDOWS\System32\OpenSSH\;C:\Program Files\nodejs\;C:\MinGW\bin;C:\Program Files\Git\cmd;C:\msys64\mingw64\bin;C:\msys64\ucrt64\bin;C:\msys64\user\bin;C:\Program Files\Microsoft SQL Server\150\Tools\Binn\;C:\Users\gpslg\Downloads\apache-maven-3.9.11-bin\apache-maven-3.9.11\bin;C:\Program Files\Java\jdk-21\bin;C:\Program Files\swipl\bin;C:\Users\gpslg\Desktop\Maven\apache-maven-3.9.11\bin;C:\Users\gpslg\AppData\Local\Microsoft\WindowsApps;C:\Users\gpslg\AppData\Local\Programs\Microsoft VS Code\bin;C:\Users\gpslg\AppData\Roaming\npm;C:\Users\gpslg\.dotnet\tools
USERNAME=gpslg
OS=Windows_NT
PROCESSOR_IDENTIFIER=Intel64 Family 6 Model 186 Stepping 2, GenuineIntel
TMP=C:\Users\gpslg\AppData\Local\Temp
TEMP=C:\Users\gpslg\AppData\Local\Temp




Periodic native trim disabled

---------------  S Y S T E M  ---------------

OS:
 Windows 11 , 64 bit Build 26100 (10.0.26100.8328)
OS uptime: 6 days 13:16 hours
Hyper-V role detected

CPU: total 12 (initial active 12) (6 cores per cpu, 2 threads per core) family 6 model 186 stepping 2 microcode 0x5103, cx8, cmov, fxsr, ht, mmx, 3dnowpref, sse, sse2, sse3, ssse3, sse4.1, sse4.2, popcnt, lzcnt, tsc, tscinvbit, avx, avx2, aes, erms, clmul, bmi1, bmi2, adx, sha, fma, vzeroupper, clflush, clflushopt, clwb, hv, serialize, rdtscp, rdpid, fsrm, gfni, f16c, cet_ibt, cet_ss
Processor Information for processor 0
  Max Mhz: 2100, Current Mhz: 2100, Mhz Limit: 2100
Processor Information for processor 1
  Max Mhz: 2100, Current Mhz: 2100, Mhz Limit: 2100
Processor Information for processor 2
  Max Mhz: 2100, Current Mhz: 2100, Mhz Limit: 2100
Processor Information for processor 3
  Max Mhz: 2100, Current Mhz: 2100, Mhz Limit: 2100
Processor Information for processor 4
  Max Mhz: 2100, Current Mhz: 2100, Mhz Limit: 2100
Processor Information for processor 5
  Max Mhz: 2100, Current Mhz: 2100, Mhz Limit: 2100
Processor Information for processor 6
  Max Mhz: 2100, Current Mhz: 2100, Mhz Limit: 2100
Processor Information for processor 7
  Max Mhz: 2100, Current Mhz: 2100, Mhz Limit: 2100
Processor Information for processor 8
  Max Mhz: 2100, Current Mhz: 1540, Mhz Limit: 2100
Processor Information for processor 9
  Max Mhz: 2100, Current Mhz: 1540, Mhz Limit: 2100
Processor Information for processor 10
  Max Mhz: 2100, Current Mhz: 1540, Mhz Limit: 2100
Processor Information for processor 11
  Max Mhz: 2100, Current Mhz: 1540, Mhz Limit: 2100

Memory: 4k page, system-wide physical 16087M (2139M free)
TotalPageFile size 30855M (AvailPageFile size 1736M)
current process WorkingSet (physical memory assigned to process): 117M, peak: 160M
current process commit charge ("private bytes"): 379M, peak: 422M

vm_info: OpenJDK 64-Bit Server VM (23.0.1+11-39) for windows-amd64 JRE (23.0.1+11-39), built on 2024-09-30T07:20:43Z with MS VC++ 17.6 (VS2022)

END.
